15:34:26 **** Incremental Build of configuration Debug for project Ej2_uart ****
make -j4 all 
arm-none-eabi-gcc "../Src/main.c" -mcpu=cortex-m4 -std=gnu11 -g3 -DDEBUG -DSTM32 -DSTM32F429ZITx -DSTM32F4 -DNUCLEO_F429ZI -DUSE_HAL_DRIVER -DSTM32F429xx -c -I../Inc -I"/home/pato/Embebidos/CESE/PdM_workspace/Ej2_uart/Drivers/STM32F4xx_HAL_Driver/Inc" -I"/home/pato/Embebidos/CESE/PdM_workspace/Ej2_uart/Drivers/CMSIS/Include" -I"/home/pato/Embebidos/CESE/PdM_workspace/Ej2_uart/Drivers/CMSIS/Device/ST/STM32F4xx/Include" -I"/home/pato/Embebidos/CESE/PdM_workspace/Ej2_uart/Drivers/BSP/STM32F4xx_Nucleo_144" -I"/home/pato/Embebidos/CESE/PdM_workspace/Ej2_uart/Drivers/Core/Inc" -O0 -ffunction-sections -fdata-sections -Wall -fstack-usage -MMD -MP -MF"Src/main.d" -MT"Src/main.o" --specs=nano.specs -mfpu=fpv4-sp-d16 -mfloat-abi=hard -mthumb -o "Src/main.o"
arm-none-eabi-gcc "../Drivers/STM32F4xx_HAL_Driver/Src/Legacy/stm32f4xx_hal_can.c" -mcpu=cortex-m4 -std=gnu11 -g3 -DDEBUG -DSTM32 -DSTM32F429ZITx -DSTM32F4 -DNUCLEO_F429ZI -DUSE_HAL_DRIVER -DSTM32F429xx -c -I../Inc -I"/home/pato/Embebidos/CESE/PdM_workspace/Ej2_uart/Drivers/STM32F4xx_HAL_Driver/Inc" -I"/home/pato/Embebidos/CESE/PdM_workspace/Ej2_uart/Drivers/CMSIS/Include" -I"/home/pato/Embebidos/CESE/PdM_workspace/Ej2_uart/Drivers/CMSIS/Device/ST/STM32F4xx/Include" -I"/home/pato/Embebidos/CESE/PdM_workspace/Ej2_uart/Drivers/BSP/STM32F4xx_Nucleo_144" -I"/home/pato/Embebidos/CESE/PdM_workspace/Ej2_uart/Drivers/Core/Inc" -O0 -ffunction-sections -fdata-sections -Wall -fstack-usage -MMD -MP -MF"Drivers/STM32F4xx_HAL_Driver/Src/Legacy/stm32f4xx_hal_can.d" -MT"Drivers/STM32F4xx_HAL_Driver/Src/Legacy/stm32f4xx_hal_can.o" --specs=nano.specs -mfpu=fpv4-sp-d16 -mfloat-abi=hard -mthumb -o "Drivers/STM32F4xx_HAL_Driver/Src/Legacy/stm32f4xx_hal_can.o"
arm-none-eabi-gcc "../Drivers/STM32F4xx_HAL_Driver/Src/stm32f4xx_hal.c" -mcpu=cortex-m4 -std=gnu11 -g3 -DDEBUG -DSTM32 -DSTM32F429ZITx -DSTM32F4 -DNUCLEO_F429ZI -DUSE_HAL_DRIVER -DSTM32F429xx -c -I../Inc -I"/home/pato/Embebidos/CESE/PdM_workspace/Ej2_uart/Drivers/STM32F4xx_HAL_Driver/Inc" -I"/home/pato/Embebidos/CESE/PdM_workspace/Ej2_uart/Drivers/CMSIS/Include" -I"/home/pato/Embebidos/CESE/PdM_workspace/Ej2_uart/Drivers/CMSIS/Device/ST/STM32F4xx/Include" -I"/home/pato/Embebidos/CESE/PdM_workspace/Ej2_uart/Drivers/BSP/STM32F4xx_Nucleo_144" -I"/home/pato/Embebidos/CESE/PdM_workspace/Ej2_uart/Drivers/Core/Inc" -O0 -ffunction-sections -fdata-sections -Wall -fstack-usage -MMD -MP -MF"Drivers/STM32F4xx_HAL_Driver/Src/stm32f4xx_hal.d" -MT"Drivers/STM32F4xx_HAL_Driver/Src/stm32f4xx_hal.o" --specs=nano.specs -mfpu=fpv4-sp-d16 -mfloat-abi=hard -mthumb -o "Drivers/STM32F4xx_HAL_Driver/Src/stm32f4xx_hal.o"
arm-none-eabi-gcc "../Drivers/STM32F4xx_HAL_Driver/Src/stm32f4xx_hal_adc.c" -mcpu=cortex-m4 -std=gnu11 -g3 -DDEBUG -DSTM32 -DSTM32F429ZITx -DSTM32F4 -DNUCLEO_F429ZI -DUSE_HAL_DRIVER -DSTM32F429xx -c -I../Inc -I"/home/pato/Embebidos/CESE/PdM_workspace/Ej2_uart/Drivers/STM32F4xx_HAL_Driver/Inc" -I"/home/pato/Embebidos/CESE/PdM_workspace/Ej2_uart/Drivers/CMSIS/Include" -I"/home/pato/Embebidos/CESE/PdM_workspace/Ej2_uart/Drivers/CMSIS/Device/ST/STM32F4xx/Include" -I"/home/pato/Embebidos/CESE/PdM_workspace/Ej2_uart/Drivers/BSP/STM32F4xx_Nucleo_144" -I"/home/pato/Embebidos/CESE/PdM_workspace/Ej2_uart/Drivers/Core/Inc" -O0 -ffunction-sections -fdata-sections -Wall -fstack-usage -MMD -MP -MF"Drivers/STM32F4xx_HAL_Driver/Src/stm32f4xx_hal_adc.d" -MT"Drivers/STM32F4xx_HAL_Driver/Src/stm32f4xx_hal_adc.o" --specs=nano.specs -mfpu=fpv4-sp-d16 -mfloat-abi=hard -mthumb -o "Drivers/STM32F4xx_HAL_Driver/Src/stm32f4xx_hal_adc.o"
arm-none-eabi-gcc "../Drivers/STM32F4xx_HAL_Driver/Src/stm32f4xx_hal_adc_ex.c" -mcpu=cortex-m4 -std=gnu11 -g3 -DDEBUG -DSTM32 -DSTM32F429ZITx -DSTM32F4 -DNUCLEO_F429ZI -DUSE_HAL_DRIVER -DSTM32F429xx -c -I../Inc -I"/home/pato/Embebidos/CESE/PdM_workspace/Ej2_uart/Drivers/STM32F4xx_HAL_Driver/Inc" -I"/home/pato/Embebidos/CESE/PdM_workspace/Ej2_uart/Drivers/CMSIS/Include" -I"/home/pato/Embebidos/CESE/PdM_workspace/Ej2_uart/Drivers/CMSIS/Device/ST/STM32F4xx/Include" -I"/home/pato/Embebidos/CESE/PdM_workspace/Ej2_uart/Drivers/BSP/STM32F4xx_Nucleo_144" -I"/home/pato/Embebidos/CESE/PdM_workspace/Ej2_uart/Drivers/Core/Inc" -O0 -ffunction-sections -fdata-sections -Wall -fstack-usage -MMD -MP -MF"Drivers/STM32F4xx_HAL_Driver/Src/stm32f4xx_hal_adc_ex.d" -MT"Drivers/STM32F4xx_HAL_Driver/Src/stm32f4xx_hal_adc_ex.o" --specs=nano.specs -mfpu=fpv4-sp-d16 -mfloat-abi=hard -mthumb -o "Drivers/STM32F4xx_HAL_Driver/Src/stm32f4xx_hal_adc_ex.o"
arm-none-eabi-gcc "../Drivers/STM32F4xx_HAL_Driver/Src/stm32f4xx_hal_can.c" -mcpu=cortex-m4 -std=gnu11 -g3 -DDEBUG -DSTM32 -DSTM32F429ZITx -DSTM32F4 -DNUCLEO_F429ZI -DUSE_HAL_DRIVER -DSTM32F429xx -c -I../Inc -I"/home/pato/Embebidos/CESE/PdM_workspace/Ej2_uart/Drivers/STM32F4xx_HAL_Driver/Inc" -I"/home/pato/Embebidos/CESE/PdM_workspace/Ej2_uart/Drivers/CMSIS/Include" -I"/home/pato/Embebidos/CESE/PdM_workspace/Ej2_uart/Drivers/CMSIS/Device/ST/STM32F4xx/Include" -I"/home/pato/Embebidos/CESE/PdM_workspace/Ej2_uart/Drivers/BSP/STM32F4xx_Nucleo_144" -I"/home/pato/Embebidos/CESE/PdM_workspace/Ej2_uart/Drivers/Core/Inc" -O0 -ffunction-sections -fdata-sections -Wall -fstack-usage -MMD -MP -MF"Drivers/STM32F4xx_HAL_Driver/Src/stm32f4xx_hal_can.d" -MT"Drivers/STM32F4xx_HAL_Driver/Src/stm32f4xx_hal_can.o" --specs=nano.specs -mfpu=fpv4-sp-d16 -mfloat-abi=hard -mthumb -o "Drivers/STM32F4xx_HAL_Driver/Src/stm32f4xx_hal_can.o"
arm-none-eabi-gcc "../Drivers/STM32F4xx_HAL_Driver/Src/stm32f4xx_hal_cec.c" -mcpu=cortex-m4 -std=gnu11 -g3 -DDEBUG -DSTM32 -DSTM32F429ZITx -DSTM32F4 -DNUCLEO_F429ZI -DUSE_HAL_DRIVER -DSTM32F429xx -c -I../Inc -I"/home/pato/Embebidos/CESE/PdM_workspace/Ej2_uart/Drivers/STM32F4xx_HAL_Driver/Inc" -I"/home/pato/Embebidos/CESE/PdM_workspace/Ej2_uart/Drivers/CMSIS/Include" -I"/home/pato/Embebidos/CESE/PdM_workspace/Ej2_uart/Drivers/CMSIS/Device/ST/STM32F4xx/Include" -I"/home/pato/Embebidos/CESE/PdM_workspace/Ej2_uart/Drivers/BSP/STM32F4xx_Nucleo_144" -I"/home/pato/Embebidos/CESE/PdM_workspace/Ej2_uart/Drivers/Core/Inc" -O0 -ffunction-sections -fdata-sections -Wall -fstack-usage -MMD -MP -MF"Drivers/STM32F4xx_HAL_Driver/Src/stm32f4xx_hal_cec.d" -MT"Drivers/STM32F4xx_HAL_Driver/Src/stm32f4xx_hal_cec.o" --specs=nano.specs -mfpu=fpv4-sp-d16 -mfloat-abi=hard -mthumb -o "Drivers/STM32F4xx_HAL_Driver/Src/stm32f4xx_hal_cec.o"
arm-none-eabi-gcc "../Drivers/STM32F4xx_HAL_Driver/Src/stm32f4xx_hal_cortex.c" -mcpu=cortex-m4 -std=gnu11 -g3 -DDEBUG -DSTM32 -DSTM32F429ZITx -DSTM32F4 -DNUCLEO_F429ZI -DUSE_HAL_DRIVER -DSTM32F429xx -c -I../Inc -I"/home/pato/Embebidos/CESE/PdM_workspace/Ej2_uart/Drivers/STM32F4xx_HAL_Driver/Inc" -I"/home/pato/Embebidos/CESE/PdM_workspace/Ej2_uart/Drivers/CMSIS/Include" -I"/home/pato/Embebidos/CESE/PdM_workspace/Ej2_uart/Drivers/CMSIS/Device/ST/STM32F4xx/Include" -I"/home/pato/Embebidos/CESE/PdM_workspace/Ej2_uart/Drivers/BSP/STM32F4xx_Nucleo_144" -I"/home/pato/Embebidos/CESE/PdM_workspace/Ej2_uart/Drivers/Core/Inc" -O0 -ffunction-sections -fdata-sections -Wall -fstack-usage -MMD -MP -MF"Drivers/STM32F4xx_HAL_Driver/Src/stm32f4xx_hal_cortex.d" -MT"Drivers/STM32F4xx_HAL_Driver/Src/stm32f4xx_hal_cortex.o" --specs=nano.specs -mfpu=fpv4-sp-d16 -mfloat-abi=hard -mthumb -o "Drivers/STM32F4xx_HAL_Driver/Src/stm32f4xx_hal_cortex.o"
arm-none-eabi-gcc "../Drivers/STM32F4xx_HAL_Driver/Src/stm32f4xx_hal_crc.c" -mcpu=cortex-m4 -std=gnu11 -g3 -DDEBUG -DSTM32 -DSTM32F429ZITx -DSTM32F4 -DNUCLEO_F429ZI -DUSE_HAL_DRIVER -DSTM32F429xx -c -I../Inc -I"/home/pato/Embebidos/CESE/PdM_workspace/Ej2_uart/Drivers/STM32F4xx_HAL_Driver/Inc" -I"/home/pato/Embebidos/CESE/PdM_workspace/Ej2_uart/Drivers/CMSIS/Include" -I"/home/pato/Embebidos/CESE/PdM_workspace/Ej2_uart/Drivers/CMSIS/Device/ST/STM32F4xx/Include" -I"/home/pato/Embebidos/CESE/PdM_workspace/Ej2_uart/Drivers/BSP/STM32F4xx_Nucleo_144" -I"/home/pato/Embebidos/CESE/PdM_workspace/Ej2_uart/Drivers/Core/Inc" -O0 -ffunction-sections -fdata-sections -Wall -fstack-usage -MMD -MP -MF"Drivers/STM32F4xx_HAL_Driver/Src/stm32f4xx_hal_crc.d" -MT"Drivers/STM32F4xx_HAL_Driver/Src/stm32f4xx_hal_crc.o" --specs=nano.specs -mfpu=fpv4-sp-d16 -mfloat-abi=hard -mthumb -o "Drivers/STM32F4xx_HAL_Driver/Src/stm32f4xx_hal_crc.o"
arm-none-eabi-gcc "../Drivers/STM32F4xx_HAL_Driver/Src/stm32f4xx_hal_cryp.c" -mcpu=cortex-m4 -std=gnu11 -g3 -DDEBUG -DSTM32 -DSTM32F429ZITx -DSTM32F4 -DNUCLEO_F429ZI -DUSE_HAL_DRIVER -DSTM32F429xx -c -I../Inc -I"/home/pato/Embebidos/CESE/PdM_workspace/Ej2_uart/Drivers/STM32F4xx_HAL_Driver/Inc" -I"/home/pato/Embebidos/CESE/PdM_workspace/Ej2_uart/Drivers/CMSIS/Include" -I"/home/pato/Embebidos/CESE/PdM_workspace/Ej2_uart/Drivers/CMSIS/Device/ST/STM32F4xx/Include" -I"/home/pato/Embebidos/CESE/PdM_workspace/Ej2_uart/Drivers/BSP/STM32F4xx_Nucleo_144" -I"/home/pato/Embebidos/CESE/PdM_workspace/Ej2_uart/Drivers/Core/Inc" -O0 -ffunction-sections -fdata-sections -Wall -fstack-usage -MMD -MP -MF"Drivers/STM32F4xx_HAL_Driver/Src/stm32f4xx_hal_cryp.d" -MT"Drivers/STM32F4xx_HAL_Driver/Src/stm32f4xx_hal_cryp.o" --specs=nano.specs -mfpu=fpv4-sp-d16 -mfloat-abi=hard -mthumb -o "Drivers/STM32F4xx_HAL_Driver/Src/stm32f4xx_hal_cryp.o"
arm-none-eabi-gcc "../Drivers/STM32F4xx_HAL_Driver/Src/stm32f4xx_hal_cryp_ex.c" -mcpu=cortex-m4 -std=gnu11 -g3 -DDEBUG -DSTM32 -DSTM32F429ZITx -DSTM32F4 -DNUCLEO_F429ZI -DUSE_HAL_DRIVER -DSTM32F429xx -c -I../Inc -I"/home/pato/Embebidos/CESE/PdM_workspace/Ej2_uart/Drivers/STM32F4xx_HAL_Driver/Inc" -I"/home/pato/Embebidos/CESE/PdM_workspace/Ej2_uart/Drivers/CMSIS/Include" -I"/home/pato/Embebidos/CESE/PdM_workspace/Ej2_uart/Drivers/CMSIS/Device/ST/STM32F4xx/Include" -I"/home/pato/Embebidos/CESE/PdM_workspace/Ej2_uart/Drivers/BSP/STM32F4xx_Nucleo_144" -I"/home/pato/Embebidos/CESE/PdM_workspace/Ej2_uart/Drivers/Core/Inc" -O0 -ffunction-sections -fdata-sections -Wall -fstack-usage -MMD -MP -MF"Drivers/STM32F4xx_HAL_Driver/Src/stm32f4xx_hal_cryp_ex.d" -MT"Drivers/STM32F4xx_HAL_Driver/Src/stm32f4xx_hal_cryp_ex.o" --specs=nano.specs -mfpu=fpv4-sp-d16 -mfloat-abi=hard -mthumb -o "Drivers/STM32F4xx_HAL_Driver/Src/stm32f4xx_hal_cryp_ex.o"
arm-none-eabi-gcc "../Drivers/STM32F4xx_HAL_Driver/Src/stm32f4xx_hal_dac.c" -mcpu=cortex-m4 -std=gnu11 -g3 -DDEBUG -DSTM32 -DSTM32F429ZITx -DSTM32F4 -DNUCLEO_F429ZI -DUSE_HAL_DRIVER -DSTM32F429xx -c -I../Inc -I"/home/pato/Embebidos/CESE/PdM_workspace/Ej2_uart/Drivers/STM32F4xx_HAL_Driver/Inc" -I"/home/pato/Embebidos/CESE/PdM_workspace/Ej2_uart/Drivers/CMSIS/Include" -I"/home/pato/Embebidos/CESE/PdM_workspace/Ej2_uart/Drivers/CMSIS/Device/ST/STM32F4xx/Include" -I"/home/pato/Embebidos/CESE/PdM_workspace/Ej2_uart/Drivers/BSP/STM32F4xx_Nucleo_144" -I"/home/pato/Embebidos/CESE/PdM_workspace/Ej2_uart/Drivers/Core/Inc" -O0 -ffunction-sections -fdata-sections -Wall -fstack-usage -MMD -MP -MF"Drivers/STM32F4xx_HAL_Driver/Src/stm32f4xx_hal_dac.d" -MT"Drivers/STM32F4xx_HAL_Driver/Src/stm32f4xx_hal_dac.o" --specs=nano.specs -mfpu=fpv4-sp-d16 -mfloat-abi=hard -mthumb -o "Drivers/STM32F4xx_HAL_Driver/Src/stm32f4xx_hal_dac.o"
arm-none-eabi-gcc "../Drivers/STM32F4xx_HAL_Driver/Src/stm32f4xx_hal_dac_ex.c" -mcpu=cortex-m4 -std=gnu11 -g3 -DDEBUG -DSTM32 -DSTM32F429ZITx -DSTM32F4 -DNUCLEO_F429ZI -DUSE_HAL_DRIVER -DSTM32F429xx -c -I../Inc -I"/home/pato/Embebidos/CESE/PdM_workspace/Ej2_uart/Drivers/STM32F4xx_HAL_Driver/Inc" -I"/home/pato/Embebidos/CESE/PdM_workspace/Ej2_uart/Drivers/CMSIS/Include" -I"/home/pato/Embebidos/CESE/PdM_workspace/Ej2_uart/Drivers/CMSIS/Device/ST/STM32F4xx/Include" -I"/home/pato/Embebidos/CESE/PdM_workspace/Ej2_uart/Drivers/BSP/STM32F4xx_Nucleo_144" -I"/home/pato/Embebidos/CESE/PdM_workspace/Ej2_uart/Drivers/Core/Inc" -O0 -ffunction-sections -fdata-sections -Wall -fstack-usage -MMD -MP -MF"Drivers/STM32F4xx_HAL_Driver/Src/stm32f4xx_hal_dac_ex.d" -MT"Drivers/STM32F4xx_HAL_Driver/Src/stm32f4xx_hal_dac_ex.o" --specs=nano.specs -mfpu=fpv4-sp-d16 -mfloat-abi=hard -mthumb -o "Drivers/STM32F4xx_HAL_Driver/Src/stm32f4xx_hal_dac_ex.o"
arm-none-eabi-gcc "../Drivers/STM32F4xx_HAL_Driver/Src/stm32f4xx_hal_dcmi.c" -mcpu=cortex-m4 -std=gnu11 -g3 -DDEBUG -DSTM32 -DSTM32F429ZITx -DSTM32F4 -DNUCLEO_F429ZI -DUSE_HAL_DRIVER -DSTM32F429xx -c -I../Inc -I"/home/pato/Embebidos/CESE/PdM_workspace/Ej2_uart/Drivers/STM32F4xx_HAL_Driver/Inc" -I"/home/pato/Embebidos/CESE/PdM_workspace/Ej2_uart/Drivers/CMSIS/Include" -I"/home/pato/Embebidos/CESE/PdM_workspace/Ej2_uart/Drivers/CMSIS/Device/ST/STM32F4xx/Include" -I"/home/pato/Embebidos/CESE/PdM_workspace/Ej2_uart/Drivers/BSP/STM32F4xx_Nucleo_144" -I"/home/pato/Embebidos/CESE/PdM_workspace/Ej2_uart/Drivers/Core/Inc" -O0 -ffunction-sections -fdata-sections -Wall -fstack-usage -MMD -MP -MF"Drivers/STM32F4xx_HAL_Driver/Src/stm32f4xx_hal_dcmi.d" -MT"Drivers/STM32F4xx_HAL_Driver/Src/stm32f4xx_hal_dcmi.o" --specs=nano.specs -mfpu=fpv4-sp-d16 -mfloat-abi=hard -mthumb -o "Drivers/STM32F4xx_HAL_Driver/Src/stm32f4xx_hal_dcmi.o"
arm-none-eabi-gcc "../Drivers/STM32F4xx_HAL_Driver/Src/stm32f4xx_hal_dcmi_ex.c" -mcpu=cortex-m4 -std=gnu11 -g3 -DDEBUG -DSTM32 -DSTM32F429ZITx -DSTM32F4 -DNUCLEO_F429ZI -DUSE_HAL_DRIVER -DSTM32F429xx -c -I../Inc -I"/home/pato/Embebidos/CESE/PdM_workspace/Ej2_uart/Drivers/STM32F4xx_HAL_Driver/Inc" -I"/home/pato/Embebidos/CESE/PdM_workspace/Ej2_uart/Drivers/CMSIS/Include" -I"/home/pato/Embebidos/CESE/PdM_workspace/Ej2_uart/Drivers/CMSIS/Device/ST/STM32F4xx/Include" -I"/home/pato/Embebidos/CESE/PdM_workspace/Ej2_uart/Drivers/BSP/STM32F4xx_Nucleo_144" -I"/home/pato/Embebidos/CESE/PdM_workspace/Ej2_uart/Drivers/Core/Inc" -O0 -ffunction-sections -fdata-sections -Wall -fstack-usage -MMD -MP -MF"Drivers/STM32F4xx_HAL_Driver/Src/stm32f4xx_hal_dcmi_ex.d" -MT"Drivers/STM32F4xx_HAL_Driver/Src/stm32f4xx_hal_dcmi_ex.o" --specs=nano.specs -mfpu=fpv4-sp-d16 -mfloat-abi=hard -mthumb -o "Drivers/STM32F4xx_HAL_Driver/Src/stm32f4xx_hal_dcmi_ex.o"
arm-none-eabi-gcc "../Drivers/STM32F4xx_HAL_Driver/Src/stm32f4xx_hal_dfsdm.c" -mcpu=cortex-m4 -std=gnu11 -g3 -DDEBUG -DSTM32 -DSTM32F429ZITx -DSTM32F4 -DNUCLEO_F429ZI -DUSE_HAL_DRIVER -DSTM32F429xx -c -I../Inc -I"/home/pato/Embebidos/CESE/PdM_workspace/Ej2_uart/Drivers/STM32F4xx_HAL_Driver/Inc" -I"/home/pato/Embebidos/CESE/PdM_workspace/Ej2_uart/Drivers/CMSIS/Include" -I"/home/pato/Embebidos/CESE/PdM_workspace/Ej2_uart/Drivers/CMSIS/Device/ST/STM32F4xx/Include" -I"/home/pato/Embebidos/CESE/PdM_workspace/Ej2_uart/Drivers/BSP/STM32F4xx_Nucleo_144" -I"/home/pato/Embebidos/CESE/PdM_workspace/Ej2_uart/Drivers/Core/Inc" -O0 -ffunction-sections -fdata-sections -Wall -fstack-usage -MMD -MP -MF"Drivers/STM32F4xx_HAL_Driver/Src/stm32f4xx_hal_dfsdm.d" -MT"Drivers/STM32F4xx_HAL_Driver/Src/stm32f4xx_hal_dfsdm.o" --specs=nano.specs -mfpu=fpv4-sp-d16 -mfloat-abi=hard -mthumb -o "Drivers/STM32F4xx_HAL_Driver/Src/stm32f4xx_hal_dfsdm.o"
arm-none-eabi-gcc "../Drivers/STM32F4xx_HAL_Driver/Src/stm32f4xx_hal_dma.c" -mcpu=cortex-m4 -std=gnu11 -g3 -DDEBUG -DSTM32 -DSTM32F429ZITx -DSTM32F4 -DNUCLEO_F429ZI -DUSE_HAL_DRIVER -DSTM32F429xx -c -I../Inc -I"/home/pato/Embebidos/CESE/PdM_workspace/Ej2_uart/Drivers/STM32F4xx_HAL_Driver/Inc" -I"/home/pato/Embebidos/CESE/PdM_workspace/Ej2_uart/Drivers/CMSIS/Include" -I"/home/pato/Embebidos/CESE/PdM_workspace/Ej2_uart/Drivers/CMSIS/Device/ST/STM32F4xx/Include" -I"/home/pato/Embebidos/CESE/PdM_workspace/Ej2_uart/Drivers/BSP/STM32F4xx_Nucleo_144" -I"/home/pato/Embebidos/CESE/PdM_workspace/Ej2_uart/Drivers/Core/Inc" -O0 -ffunction-sections -fdata-sections -Wall -fstack-usage -MMD -MP -MF"Drivers/STM32F4xx_HAL_Driver/Src/stm32f4xx_hal_dma.d" -MT"Drivers/STM32F4xx_HAL_Driver/Src/stm32f4xx_hal_dma.o" --specs=nano.specs -mfpu=fpv4-sp-d16 -mfloat-abi=hard -mthumb -o "Drivers/STM32F4xx_HAL_Driver/Src/stm32f4xx_hal_dma.o"
arm-none-eabi-gcc "../Drivers/STM32F4xx_HAL_Driver/Src/stm32f4xx_hal_dma2d.c" -mcpu=cortex-m4 -std=gnu11 -g3 -DDEBUG -DSTM32 -DSTM32F429ZITx -DSTM32F4 -DNUCLEO_F429ZI -DUSE_HAL_DRIVER -DSTM32F429xx -c -I../Inc -I"/home/pato/Embebidos/CESE/PdM_workspace/Ej2_uart/Drivers/STM32F4xx_HAL_Driver/Inc" -I"/home/pato/Embebidos/CESE/PdM_workspace/Ej2_uart/Drivers/CMSIS/Include" -I"/home/pato/Embebidos/CESE/PdM_workspace/Ej2_uart/Drivers/CMSIS/Device/ST/STM32F4xx/Include" -I"/home/pato/Embebidos/CESE/PdM_workspace/Ej2_uart/Drivers/BSP/STM32F4xx_Nucleo_144" -I"/home/pato/Embebidos/CESE/PdM_workspace/Ej2_uart/Drivers/Core/Inc" -O0 -ffunction-sections -fdata-sections -Wall -fstack-usage -MMD -MP -MF"Drivers/STM32F4xx_HAL_Driver/Src/stm32f4xx_hal_dma2d.d" -MT"Drivers/STM32F4xx_HAL_Driver/Src/stm32f4xx_hal_dma2d.o" --specs=nano.specs -mfpu=fpv4-sp-d16 -mfloat-abi=hard -mthumb -o "Drivers/STM32F4xx_HAL_Driver/Src/stm32f4xx_hal_dma2d.o"
arm-none-eabi-gcc "../Drivers/STM32F4xx_HAL_Driver/Src/stm32f4xx_hal_dma_ex.c" -mcpu=cortex-m4 -std=gnu11 -g3 -DDEBUG -DSTM32 -DSTM32F429ZITx -DSTM32F4 -DNUCLEO_F429ZI -DUSE_HAL_DRIVER -DSTM32F429xx -c -I../Inc -I"/home/pato/Embebidos/CESE/PdM_workspace/Ej2_uart/Drivers/STM32F4xx_HAL_Driver/Inc" -I"/home/pato/Embebidos/CESE/PdM_workspace/Ej2_uart/Drivers/CMSIS/Include" -I"/home/pato/Embebidos/CESE/PdM_workspace/Ej2_uart/Drivers/CMSIS/Device/ST/STM32F4xx/Include" -I"/home/pato/Embebidos/CESE/PdM_workspace/Ej2_uart/Drivers/BSP/STM32F4xx_Nucleo_144" -I"/home/pato/Embebidos/CESE/PdM_workspace/Ej2_uart/Drivers/Core/Inc" -O0 -ffunction-sections -fdata-sections -Wall -fstack-usage -MMD -MP -MF"Drivers/STM32F4xx_HAL_Driver/Src/stm32f4xx_hal_dma_ex.d" -MT"Drivers/STM32F4xx_HAL_Driver/Src/stm32f4xx_hal_dma_ex.o" --specs=nano.specs -mfpu=fpv4-sp-d16 -mfloat-abi=hard -mthumb -o "Drivers/STM32F4xx_HAL_Driver/Src/stm32f4xx_hal_dma_ex.o"
arm-none-eabi-gcc "../Drivers/STM32F4xx_HAL_Driver/Src/stm32f4xx_hal_dsi.c" -mcpu=cortex-m4 -std=gnu11 -g3 -DDEBUG -DSTM32 -DSTM32F429ZITx -DSTM32F4 -DNUCLEO_F429ZI -DUSE_HAL_DRIVER -DSTM32F429xx -c -I../Inc -I"/home/pato/Embebidos/CESE/PdM_workspace/Ej2_uart/Drivers/STM32F4xx_HAL_Driver/Inc" -I"/home/pato/Embebidos/CESE/PdM_workspace/Ej2_uart/Drivers/CMSIS/Include" -I"/home/pato/Embebidos/CESE/PdM_workspace/Ej2_uart/Drivers/CMSIS/Device/ST/STM32F4xx/Include" -I"/home/pato/Embebidos/CESE/PdM_workspace/Ej2_uart/Drivers/BSP/STM32F4xx_Nucleo_144" -I"/home/pato/Embebidos/CESE/PdM_workspace/Ej2_uart/Drivers/Core/Inc" -O0 -ffunction-sections -fdata-sections -Wall -fstack-usage -MMD -MP -MF"Drivers/STM32F4xx_HAL_Driver/Src/stm32f4xx_hal_dsi.d" -MT"Drivers/STM32F4xx_HAL_Driver/Src/stm32f4xx_hal_dsi.o" --specs=nano.specs -mfpu=fpv4-sp-d16 -mfloat-abi=hard -mthumb -o "Drivers/STM32F4xx_HAL_Driver/Src/stm32f4xx_hal_dsi.o"
arm-none-eabi-gcc "../Drivers/STM32F4xx_HAL_Driver/Src/stm32f4xx_hal_eth.c" -mcpu=cortex-m4 -std=gnu11 -g3 -DDEBUG -DSTM32 -DSTM32F429ZITx -DSTM32F4 -DNUCLEO_F429ZI -DUSE_HAL_DRIVER -DSTM32F429xx -c -I../Inc -I"/home/pato/Embebidos/CESE/PdM_workspace/Ej2_uart/Drivers/STM32F4xx_HAL_Driver/Inc" -I"/home/pato/Embebidos/CESE/PdM_workspace/Ej2_uart/Drivers/CMSIS/Include" -I"/home/pato/Embebidos/CESE/PdM_workspace/Ej2_uart/Drivers/CMSIS/Device/ST/STM32F4xx/Include" -I"/home/pato/Embebidos/CESE/PdM_workspace/Ej2_uart/Drivers/BSP/STM32F4xx_Nucleo_144" -I"/home/pato/Embebidos/CESE/PdM_workspace/Ej2_uart/Drivers/Core/Inc" -O0 -ffunction-sections -fdata-sections -Wall -fstack-usage -MMD -MP -MF"Drivers/STM32F4xx_HAL_Driver/Src/stm32f4xx_hal_eth.d" -MT"Drivers/STM32F4xx_HAL_Driver/Src/stm32f4xx_hal_eth.o" --specs=nano.specs -mfpu=fpv4-sp-d16 -mfloat-abi=hard -mthumb -o "Drivers/STM32F4xx_HAL_Driver/Src/stm32f4xx_hal_eth.o"
arm-none-eabi-gcc "../Drivers/STM32F4xx_HAL_Driver/Src/stm32f4xx_hal_exti.c" -mcpu=cortex-m4 -std=gnu11 -g3 -DDEBUG -DSTM32 -DSTM32F429ZITx -DSTM32F4 -DNUCLEO_F429ZI -DUSE_HAL_DRIVER -DSTM32F429xx -c -I../Inc -I"/home/pato/Embebidos/CESE/PdM_workspace/Ej2_uart/Drivers/STM32F4xx_HAL_Driver/Inc" -I"/home/pato/Embebidos/CESE/PdM_workspace/Ej2_uart/Drivers/CMSIS/Include" -I"/home/pato/Embebidos/CESE/PdM_workspace/Ej2_uart/Drivers/CMSIS/Device/ST/STM32F4xx/Include" -I"/home/pato/Embebidos/CESE/PdM_workspace/Ej2_uart/Drivers/BSP/STM32F4xx_Nucleo_144" -I"/home/pato/Embebidos/CESE/PdM_workspace/Ej2_uart/Drivers/Core/Inc" -O0 -ffunction-sections -fdata-sections -Wall -fstack-usage -MMD -MP -MF"Drivers/STM32F4xx_HAL_Driver/Src/stm32f4xx_hal_exti.d" -MT"Drivers/STM32F4xx_HAL_Driver/Src/stm32f4xx_hal_exti.o" --specs=nano.specs -mfpu=fpv4-sp-d16 -mfloat-abi=hard -mthumb -o "Drivers/STM32F4xx_HAL_Driver/Src/stm32f4xx_hal_exti.o"
arm-none-eabi-gcc "../Drivers/STM32F4xx_HAL_Driver/Src/stm32f4xx_hal_flash.c" -mcpu=cortex-m4 -std=gnu11 -g3 -DDEBUG -DSTM32 -DSTM32F429ZITx -DSTM32F4 -DNUCLEO_F429ZI -DUSE_HAL_DRIVER -DSTM32F429xx -c -I../Inc -I"/home/pato/Embebidos/CESE/PdM_workspace/Ej2_uart/Drivers/STM32F4xx_HAL_Driver/Inc" -I"/home/pato/Embebidos/CESE/PdM_workspace/Ej2_uart/Drivers/CMSIS/Include" -I"/home/pato/Embebidos/CESE/PdM_workspace/Ej2_uart/Drivers/CMSIS/Device/ST/STM32F4xx/Include" -I"/home/pato/Embebidos/CESE/PdM_workspace/Ej2_uart/Drivers/BSP/STM32F4xx_Nucleo_144" -I"/home/pato/Embebidos/CESE/PdM_workspace/Ej2_uart/Drivers/Core/Inc" -O0 -ffunction-sections -fdata-sections -Wall -fstack-usage -MMD -MP -MF"Drivers/STM32F4xx_HAL_Driver/Src/stm32f4xx_hal_flash.d" -MT"Drivers/STM32F4xx_HAL_Driver/Src/stm32f4xx_hal_flash.o" --specs=nano.specs -mfpu=fpv4-sp-d16 -mfloat-abi=hard -mthumb -o "Drivers/STM32F4xx_HAL_Driver/Src/stm32f4xx_hal_flash.o"
arm-none-eabi-gcc "../Drivers/STM32F4xx_HAL_Driver/Src/stm32f4xx_hal_flash_ex.c" -mcpu=cortex-m4 -std=gnu11 -g3 -DDEBUG -DSTM32 -DSTM32F429ZITx -DSTM32F4 -DNUCLEO_F429ZI -DUSE_HAL_DRIVER -DSTM32F429xx -c -I../Inc -I"/home/pato/Embebidos/CESE/PdM_workspace/Ej2_uart/Drivers/STM32F4xx_HAL_Driver/Inc" -I"/home/pato/Embebidos/CESE/PdM_workspace/Ej2_uart/Drivers/CMSIS/Include" -I"/home/pato/Embebidos/CESE/PdM_workspace/Ej2_uart/Drivers/CMSIS/Device/ST/STM32F4xx/Include" -I"/home/pato/Embebidos/CESE/PdM_workspace/Ej2_uart/Drivers/BSP/STM32F4xx_Nucleo_144" -I"/home/pato/Embebidos/CESE/PdM_workspace/Ej2_uart/Drivers/Core/Inc" -O0 -ffunction-sections -fdata-sections -Wall -fstack-usage -MMD -MP -MF"Drivers/STM32F4xx_HAL_Driver/Src/stm32f4xx_hal_flash_ex.d" -MT"Drivers/STM32F4xx_HAL_Driver/Src/stm32f4xx_hal_flash_ex.o" --specs=nano.specs -mfpu=fpv4-sp-d16 -mfloat-abi=hard -mthumb -o "Drivers/STM32F4xx_HAL_Driver/Src/stm32f4xx_hal_flash_ex.o"
arm-none-eabi-gcc "../Drivers/STM32F4xx_HAL_Driver/Src/stm32f4xx_hal_flash_ramfunc.c" -mcpu=cortex-m4 -std=gnu11 -g3 -DDEBUG -DSTM32 -DSTM32F429ZITx -DSTM32F4 -DNUCLEO_F429ZI -DUSE_HAL_DRIVER -DSTM32F429xx -c -I../Inc -I"/home/pato/Embebidos/CESE/PdM_workspace/Ej2_uart/Drivers/STM32F4xx_HAL_Driver/Inc" -I"/home/pato/Embebidos/CESE/PdM_workspace/Ej2_uart/Drivers/CMSIS/Include" -I"/home/pato/Embebidos/CESE/PdM_workspace/Ej2_uart/Drivers/CMSIS/Device/ST/STM32F4xx/Include" -I"/home/pato/Embebidos/CESE/PdM_workspace/Ej2_uart/Drivers/BSP/STM32F4xx_Nucleo_144" -I"/home/pato/Embebidos/CESE/PdM_workspace/Ej2_uart/Drivers/Core/Inc" -O0 -ffunction-sections -fdata-sections -Wall -fstack-usage -MMD -MP -MF"Drivers/STM32F4xx_HAL_Driver/Src/stm32f4xx_hal_flash_ramfunc.d" -MT"Drivers/STM32F4xx_HAL_Driver/Src/stm32f4xx_hal_flash_ramfunc.o" --specs=nano.specs -mfpu=fpv4-sp-d16 -mfloat-abi=hard -mthumb -o "Drivers/STM32F4xx_HAL_Driver/Src/stm32f4xx_hal_flash_ramfunc.o"
arm-none-eabi-gcc "../Drivers/STM32F4xx_HAL_Driver/Src/stm32f4xx_hal_fmpi2c.c" -mcpu=cortex-m4 -std=gnu11 -g3 -DDEBUG -DSTM32 -DSTM32F429ZITx -DSTM32F4 -DNUCLEO_F429ZI -DUSE_HAL_DRIVER -DSTM32F429xx -c -I../Inc -I"/home/pato/Embebidos/CESE/PdM_workspace/Ej2_uart/Drivers/STM32F4xx_HAL_Driver/Inc" -I"/home/pato/Embebidos/CESE/PdM_workspace/Ej2_uart/Drivers/CMSIS/Include" -I"/home/pato/Embebidos/CESE/PdM_workspace/Ej2_uart/Drivers/CMSIS/Device/ST/STM32F4xx/Include" -I"/home/pato/Embebidos/CESE/PdM_workspace/Ej2_uart/Drivers/BSP/STM32F4xx_Nucleo_144" -I"/home/pato/Embebidos/CESE/PdM_workspace/Ej2_uart/Drivers/Core/Inc" -O0 -ffunction-sections -fdata-sections -Wall -fstack-usage -MMD -MP -MF"Drivers/STM32F4xx_HAL_Driver/Src/stm32f4xx_hal_fmpi2c.d" -MT"Drivers/STM32F4xx_HAL_Driver/Src/stm32f4xx_hal_fmpi2c.o" --specs=nano.specs -mfpu=fpv4-sp-d16 -mfloat-abi=hard -mthumb -o "Drivers/STM32F4xx_HAL_Driver/Src/stm32f4xx_hal_fmpi2c.o"
arm-none-eabi-gcc "../Drivers/STM32F4xx_HAL_Driver/Src/stm32f4xx_hal_fmpi2c_ex.c" -mcpu=cortex-m4 -std=gnu11 -g3 -DDEBUG -DSTM32 -DSTM32F429ZITx -DSTM32F4 -DNUCLEO_F429ZI -DUSE_HAL_DRIVER -DSTM32F429xx -c -I../Inc -I"/home/pato/Embebidos/CESE/PdM_workspace/Ej2_uart/Drivers/STM32F4xx_HAL_Driver/Inc" -I"/home/pato/Embebidos/CESE/PdM_workspace/Ej2_uart/Drivers/CMSIS/Include" -I"/home/pato/Embebidos/CESE/PdM_workspace/Ej2_uart/Drivers/CMSIS/Device/ST/STM32F4xx/Include" -I"/home/pato/Embebidos/CESE/PdM_workspace/Ej2_uart/Drivers/BSP/STM32F4xx_Nucleo_144" -I"/home/pato/Embebidos/CESE/PdM_workspace/Ej2_uart/Drivers/Core/Inc" -O0 -ffunction-sections -fdata-sections -Wall -fstack-usage -MMD -MP -MF"Drivers/STM32F4xx_HAL_Driver/Src/stm32f4xx_hal_fmpi2c_ex.d" -MT"Drivers/STM32F4xx_HAL_Driver/Src/stm32f4xx_hal_fmpi2c_ex.o" --specs=nano.specs -mfpu=fpv4-sp-d16 -mfloat-abi=hard -mthumb -o "Drivers/STM32F4xx_HAL_Driver/Src/stm32f4xx_hal_fmpi2c_ex.o"
arm-none-eabi-gcc "../Drivers/STM32F4xx_HAL_Driver/Src/stm32f4xx_hal_fmpsmbus.c" -mcpu=cortex-m4 -std=gnu11 -g3 -DDEBUG -DSTM32 -DSTM32F429ZITx -DSTM32F4 -DNUCLEO_F429ZI -DUSE_HAL_DRIVER -DSTM32F429xx -c -I../Inc -I"/home/pato/Embebidos/CESE/PdM_workspace/Ej2_uart/Drivers/STM32F4xx_HAL_Driver/Inc" -I"/home/pato/Embebidos/CESE/PdM_workspace/Ej2_uart/Drivers/CMSIS/Include" -I"/home/pato/Embebidos/CESE/PdM_workspace/Ej2_uart/Drivers/CMSIS/Device/ST/STM32F4xx/Include" -I"/home/pato/Embebidos/CESE/PdM_workspace/Ej2_uart/Drivers/BSP/STM32F4xx_Nucleo_144" -I"/home/pato/Embebidos/CESE/PdM_workspace/Ej2_uart/Drivers/Core/Inc" -O0 -ffunction-sections -fdata-sections -Wall -fstack-usage -MMD -MP -MF"Drivers/STM32F4xx_HAL_Driver/Src/stm32f4xx_hal_fmpsmbus.d" -MT"Drivers/STM32F4xx_HAL_Driver/Src/stm32f4xx_hal_fmpsmbus.o" --specs=nano.specs -mfpu=fpv4-sp-d16 -mfloat-abi=hard -mthumb -o "Drivers/STM32F4xx_HAL_Driver/Src/stm32f4xx_hal_fmpsmbus.o"
arm-none-eabi-gcc "../Drivers/STM32F4xx_HAL_Driver/Src/stm32f4xx_hal_fmpsmbus_ex.c" -mcpu=cortex-m4 -std=gnu11 -g3 -DDEBUG -DSTM32 -DSTM32F429ZITx -DSTM32F4 -DNUCLEO_F429ZI -DUSE_HAL_DRIVER -DSTM32F429xx -c -I../Inc -I"/home/pato/Embebidos/CESE/PdM_workspace/Ej2_uart/Drivers/STM32F4xx_HAL_Driver/Inc" -I"/home/pato/Embebidos/CESE/PdM_workspace/Ej2_uart/Drivers/CMSIS/Include" -I"/home/pato/Embebidos/CESE/PdM_workspace/Ej2_uart/Drivers/CMSIS/Device/ST/STM32F4xx/Include" -I"/home/pato/Embebidos/CESE/PdM_workspace/Ej2_uart/Drivers/BSP/STM32F4xx_Nucleo_144" -I"/home/pato/Embebidos/CESE/PdM_workspace/Ej2_uart/Drivers/Core/Inc" -O0 -ffunction-sections -fdata-sections -Wall -fstack-usage -MMD -MP -MF"Drivers/STM32F4xx_HAL_Driver/Src/stm32f4xx_hal_fmpsmbus_ex.d" -MT"Drivers/STM32F4xx_HAL_Driver/Src/stm32f4xx_hal_fmpsmbus_ex.o" --specs=nano.specs -mfpu=fpv4-sp-d16 -mfloat-abi=hard -mthumb -o "Drivers/STM32F4xx_HAL_Driver/Src/stm32f4xx_hal_fmpsmbus_ex.o"
arm-none-eabi-gcc "../Drivers/STM32F4xx_HAL_Driver/Src/stm32f4xx_hal_gpio.c" -mcpu=cortex-m4 -std=gnu11 -g3 -DDEBUG -DSTM32 -DSTM32F429ZITx -DSTM32F4 -DNUCLEO_F429ZI -DUSE_HAL_DRIVER -DSTM32F429xx -c -I../Inc -I"/home/pato/Embebidos/CESE/PdM_workspace/Ej2_uart/Drivers/STM32F4xx_HAL_Driver/Inc" -I"/home/pato/Embebidos/CESE/PdM_workspace/Ej2_uart/Drivers/CMSIS/Include" -I"/home/pato/Embebidos/CESE/PdM_workspace/Ej2_uart/Drivers/CMSIS/Device/ST/STM32F4xx/Include" -I"/home/pato/Embebidos/CESE/PdM_workspace/Ej2_uart/Drivers/BSP/STM32F4xx_Nucleo_144" -I"/home/pato/Embebidos/CESE/PdM_workspace/Ej2_uart/Drivers/Core/Inc" -O0 -ffunction-sections -fdata-sections -Wall -fstack-usage -MMD -MP -MF"Drivers/STM32F4xx_HAL_Driver/Src/stm32f4xx_hal_gpio.d" -MT"Drivers/STM32F4xx_HAL_Driver/Src/stm32f4xx_hal_gpio.o" --specs=nano.specs -mfpu=fpv4-sp-d16 -mfloat-abi=hard -mthumb -o "Drivers/STM32F4xx_HAL_Driver/Src/stm32f4xx_hal_gpio.o"
arm-none-eabi-gcc "../Drivers/STM32F4xx_HAL_Driver/Src/stm32f4xx_hal_hash.c" -mcpu=cortex-m4 -std=gnu11 -g3 -DDEBUG -DSTM32 -DSTM32F429ZITx -DSTM32F4 -DNUCLEO_F429ZI -DUSE_HAL_DRIVER -DSTM32F429xx -c -I../Inc -I"/home/pato/Embebidos/CESE/PdM_workspace/Ej2_uart/Drivers/STM32F4xx_HAL_Driver/Inc" -I"/home/pato/Embebidos/CESE/PdM_workspace/Ej2_uart/Drivers/CMSIS/Include" -I"/home/pato/Embebidos/CESE/PdM_workspace/Ej2_uart/Drivers/CMSIS/Device/ST/STM32F4xx/Include" -I"/home/pato/Embebidos/CESE/PdM_workspace/Ej2_uart/Drivers/BSP/STM32F4xx_Nucleo_144" -I"/home/pato/Embebidos/CESE/PdM_workspace/Ej2_uart/Drivers/Core/Inc" -O0 -ffunction-sections -fdata-sections -Wall -fstack-usage -MMD -MP -MF"Drivers/STM32F4xx_HAL_Driver/Src/stm32f4xx_hal_hash.d" -MT"Drivers/STM32F4xx_HAL_Driver/Src/stm32f4xx_hal_hash.o" --specs=nano.specs -mfpu=fpv4-sp-d16 -mfloat-abi=hard -mthumb -o "Drivers/STM32F4xx_HAL_Driver/Src/stm32f4xx_hal_hash.o"
arm-none-eabi-gcc "../Drivers/STM32F4xx_HAL_Driver/Src/stm32f4xx_hal_hash_ex.c" -mcpu=cortex-m4 -std=gnu11 -g3 -DDEBUG -DSTM32 -DSTM32F429ZITx -DSTM32F4 -DNUCLEO_F429ZI -DUSE_HAL_DRIVER -DSTM32F429xx -c -I../Inc -I"/home/pato/Embebidos/CESE/PdM_workspace/Ej2_uart/Drivers/STM32F4xx_HAL_Driver/Inc" -I"/home/pato/Embebidos/CESE/PdM_workspace/Ej2_uart/Drivers/CMSIS/Include" -I"/home/pato/Embebidos/CESE/PdM_workspace/Ej2_uart/Drivers/CMSIS/Device/ST/STM32F4xx/Include" -I"/home/pato/Embebidos/CESE/PdM_workspace/Ej2_uart/Drivers/BSP/STM32F4xx_Nucleo_144" -I"/home/pato/Embebidos/CESE/PdM_workspace/Ej2_uart/Drivers/Core/Inc" -O0 -ffunction-sections -fdata-sections -Wall -fstack-usage -MMD -MP -MF"Drivers/STM32F4xx_HAL_Driver/Src/stm32f4xx_hal_hash_ex.d" -MT"Drivers/STM32F4xx_HAL_Driver/Src/stm32f4xx_hal_hash_ex.o" --specs=nano.specs -mfpu=fpv4-sp-d16 -mfloat-abi=hard -mthumb -o "Drivers/STM32F4xx_HAL_Driver/Src/stm32f4xx_hal_hash_ex.o"
arm-none-eabi-gcc "../Drivers/STM32F4xx_HAL_Driver/Src/stm32f4xx_hal_hcd.c" -mcpu=cortex-m4 -std=gnu11 -g3 -DDEBUG -DSTM32 -DSTM32F429ZITx -DSTM32F4 -DNUCLEO_F429ZI -DUSE_HAL_DRIVER -DSTM32F429xx -c -I../Inc -I"/home/pato/Embebidos/CESE/PdM_workspace/Ej2_uart/Drivers/STM32F4xx_HAL_Driver/Inc" -I"/home/pato/Embebidos/CESE/PdM_workspace/Ej2_uart/Drivers/CMSIS/Include" -I"/home/pato/Embebidos/CESE/PdM_workspace/Ej2_uart/Drivers/CMSIS/Device/ST/STM32F4xx/Include" -I"/home/pato/Embebidos/CESE/PdM_workspace/Ej2_uart/Drivers/BSP/STM32F4xx_Nucleo_144" -I"/home/pato/Embebidos/CESE/PdM_workspace/Ej2_uart/Drivers/Core/Inc" -O0 -ffunction-sections -fdata-sections -Wall -fstack-usage -MMD -MP -MF"Drivers/STM32F4xx_HAL_Driver/Src/stm32f4xx_hal_hcd.d" -MT"Drivers/STM32F4xx_HAL_Driver/Src/stm32f4xx_hal_hcd.o" --specs=nano.specs -mfpu=fpv4-sp-d16 -mfloat-abi=hard -mthumb -o "Drivers/STM32F4xx_HAL_Driver/Src/stm32f4xx_hal_hcd.o"
arm-none-eabi-gcc "../Drivers/STM32F4xx_HAL_Driver/Src/stm32f4xx_hal_i2c.c" -mcpu=cortex-m4 -std=gnu11 -g3 -DDEBUG -DSTM32 -DSTM32F429ZITx -DSTM32F4 -DNUCLEO_F429ZI -DUSE_HAL_DRIVER -DSTM32F429xx -c -I../Inc -I"/home/pato/Embebidos/CESE/PdM_workspace/Ej2_uart/Drivers/STM32F4xx_HAL_Driver/Inc" -I"/home/pato/Embebidos/CESE/PdM_workspace/Ej2_uart/Drivers/CMSIS/Include" -I"/home/pato/Embebidos/CESE/PdM_workspace/Ej2_uart/Drivers/CMSIS/Device/ST/STM32F4xx/Include" -I"/home/pato/Embebidos/CESE/PdM_workspace/Ej2_uart/Drivers/BSP/STM32F4xx_Nucleo_144" -I"/home/pato/Embebidos/CESE/PdM_workspace/Ej2_uart/Drivers/Core/Inc" -O0 -ffunction-sections -fdata-sections -Wall -fstack-usage -MMD -MP -MF"Drivers/STM32F4xx_HAL_Driver/Src/stm32f4xx_hal_i2c.d" -MT"Drivers/STM32F4xx_HAL_Driver/Src/stm32f4xx_hal_i2c.o" --specs=nano.specs -mfpu=fpv4-sp-d16 -mfloat-abi=hard -mthumb -o "Drivers/STM32F4xx_HAL_Driver/Src/stm32f4xx_hal_i2c.o"
arm-none-eabi-gcc "../Drivers/STM32F4xx_HAL_Driver/Src/stm32f4xx_hal_i2c_ex.c" -mcpu=cortex-m4 -std=gnu11 -g3 -DDEBUG -DSTM32 -DSTM32F429ZITx -DSTM32F4 -DNUCLEO_F429ZI -DUSE_HAL_DRIVER -DSTM32F429xx -c -I../Inc -I"/home/pato/Embebidos/CESE/PdM_workspace/Ej2_uart/Drivers/STM32F4xx_HAL_Driver/Inc" -I"/home/pato/Embebidos/CESE/PdM_workspace/Ej2_uart/Drivers/CMSIS/Include" -I"/home/pato/Embebidos/CESE/PdM_workspace/Ej2_uart/Drivers/CMSIS/Device/ST/STM32F4xx/Include" -I"/home/pato/Embebidos/CESE/PdM_workspace/Ej2_uart/Drivers/BSP/STM32F4xx_Nucleo_144" -I"/home/pato/Embebidos/CESE/PdM_workspace/Ej2_uart/Drivers/Core/Inc" -O0 -ffunction-sections -fdata-sections -Wall -fstack-usage -MMD -MP -MF"Drivers/STM32F4xx_HAL_Driver/Src/stm32f4xx_hal_i2c_ex.d" -MT"Drivers/STM32F4xx_HAL_Driver/Src/stm32f4xx_hal_i2c_ex.o" --specs=nano.specs -mfpu=fpv4-sp-d16 -mfloat-abi=hard -mthumb -o "Drivers/STM32F4xx_HAL_Driver/Src/stm32f4xx_hal_i2c_ex.o"
arm-none-eabi-gcc "../Drivers/STM32F4xx_HAL_Driver/Src/stm32f4xx_hal_i2s.c" -mcpu=cortex-m4 -std=gnu11 -g3 -DDEBUG -DSTM32 -DSTM32F429ZITx -DSTM32F4 -DNUCLEO_F429ZI -DUSE_HAL_DRIVER -DSTM32F429xx -c -I../Inc -I"/home/pato/Embebidos/CESE/PdM_workspace/Ej2_uart/Drivers/STM32F4xx_HAL_Driver/Inc" -I"/home/pato/Embebidos/CESE/PdM_workspace/Ej2_uart/Drivers/CMSIS/Include" -I"/home/pato/Embebidos/CESE/PdM_workspace/Ej2_uart/Drivers/CMSIS/Device/ST/STM32F4xx/Include" -I"/home/pato/Embebidos/CESE/PdM_workspace/Ej2_uart/Drivers/BSP/STM32F4xx_Nucleo_144" -I"/home/pato/Embebidos/CESE/PdM_workspace/Ej2_uart/Drivers/Core/Inc" -O0 -ffunction-sections -fdata-sections -Wall -fstack-usage -MMD -MP -MF"Drivers/STM32F4xx_HAL_Driver/Src/stm32f4xx_hal_i2s.d" -MT"Drivers/STM32F4xx_HAL_Driver/Src/stm32f4xx_hal_i2s.o" --specs=nano.specs -mfpu=fpv4-sp-d16 -mfloat-abi=hard -mthumb -o "Drivers/STM32F4xx_HAL_Driver/Src/stm32f4xx_hal_i2s.o"
arm-none-eabi-gcc "../Drivers/STM32F4xx_HAL_Driver/Src/stm32f4xx_hal_i2s_ex.c" -mcpu=cortex-m4 -std=gnu11 -g3 -DDEBUG -DSTM32 -DSTM32F429ZITx -DSTM32F4 -DNUCLEO_F429ZI -DUSE_HAL_DRIVER -DSTM32F429xx -c -I../Inc -I"/home/pato/Embebidos/CESE/PdM_workspace/Ej2_uart/Drivers/STM32F4xx_HAL_Driver/Inc" -I"/home/pato/Embebidos/CESE/PdM_workspace/Ej2_uart/Drivers/CMSIS/Include" -I"/home/pato/Embebidos/CESE/PdM_workspace/Ej2_uart/Drivers/CMSIS/Device/ST/STM32F4xx/Include" -I"/home/pato/Embebidos/CESE/PdM_workspace/Ej2_uart/Drivers/BSP/STM32F4xx_Nucleo_144" -I"/home/pato/Embebidos/CESE/PdM_workspace/Ej2_uart/Drivers/Core/Inc" -O0 -ffunction-sections -fdata-sections -Wall -fstack-usage -MMD -MP -MF"Drivers/STM32F4xx_HAL_Driver/Src/stm32f4xx_hal_i2s_ex.d" -MT"Drivers/STM32F4xx_HAL_Driver/Src/stm32f4xx_hal_i2s_ex.o" --specs=nano.specs -mfpu=fpv4-sp-d16 -mfloat-abi=hard -mthumb -o "Drivers/STM32F4xx_HAL_Driver/Src/stm32f4xx_hal_i2s_ex.o"
arm-none-eabi-gcc "../Drivers/STM32F4xx_HAL_Driver/Src/stm32f4xx_hal_irda.c" -mcpu=cortex-m4 -std=gnu11 -g3 -DDEBUG -DSTM32 -DSTM32F429ZITx -DSTM32F4 -DNUCLEO_F429ZI -DUSE_HAL_DRIVER -DSTM32F429xx -c -I../Inc -I"/home/pato/Embebidos/CESE/PdM_workspace/Ej2_uart/Drivers/STM32F4xx_HAL_Driver/Inc" -I"/home/pato/Embebidos/CESE/PdM_workspace/Ej2_uart/Drivers/CMSIS/Include" -I"/home/pato/Embebidos/CESE/PdM_workspace/Ej2_uart/Drivers/CMSIS/Device/ST/STM32F4xx/Include" -I"/home/pato/Embebidos/CESE/PdM_workspace/Ej2_uart/Drivers/BSP/STM32F4xx_Nucleo_144" -I"/home/pato/Embebidos/CESE/PdM_workspace/Ej2_uart/Drivers/Core/Inc" -O0 -ffunction-sections -fdata-sections -Wall -fstack-usage -MMD -MP -MF"Drivers/STM32F4xx_HAL_Driver/Src/stm32f4xx_hal_irda.d" -MT"Drivers/STM32F4xx_HAL_Driver/Src/stm32f4xx_hal_irda.o" --specs=nano.specs -mfpu=fpv4-sp-d16 -mfloat-abi=hard -mthumb -o "Drivers/STM32F4xx_HAL_Driver/Src/stm32f4xx_hal_irda.o"
arm-none-eabi-gcc "../Drivers/STM32F4xx_HAL_Driver/Src/stm32f4xx_hal_iwdg.c" -mcpu=cortex-m4 -std=gnu11 -g3 -DDEBUG -DSTM32 -DSTM32F429ZITx -DSTM32F4 -DNUCLEO_F429ZI -DUSE_HAL_DRIVER -DSTM32F429xx -c -I../Inc -I"/home/pato/Embebidos/CESE/PdM_workspace/Ej2_uart/Drivers/STM32F4xx_HAL_Driver/Inc" -I"/home/pato/Embebidos/CESE/PdM_workspace/Ej2_uart/Drivers/CMSIS/Include" -I"/home/pato/Embebidos/CESE/PdM_workspace/Ej2_uart/Drivers/CMSIS/Device/ST/STM32F4xx/Include" -I"/home/pato/Embebidos/CESE/PdM_workspace/Ej2_uart/Drivers/BSP/STM32F4xx_Nucleo_144" -I"/home/pato/Embebidos/CESE/PdM_workspace/Ej2_uart/Drivers/Core/Inc" -O0 -ffunction-sections -fdata-sections -Wall -fstack-usage -MMD -MP -MF"Drivers/STM32F4xx_HAL_Driver/Src/stm32f4xx_hal_iwdg.d" -MT"Drivers/STM32F4xx_HAL_Driver/Src/stm32f4xx_hal_iwdg.o" --specs=nano.specs -mfpu=fpv4-sp-d16 -mfloat-abi=hard -mthumb -o "Drivers/STM32F4xx_HAL_Driver/Src/stm32f4xx_hal_iwdg.o"
arm-none-eabi-gcc "../Drivers/STM32F4xx_HAL_Driver/Src/stm32f4xx_hal_lptim.c" -mcpu=cortex-m4 -std=gnu11 -g3 -DDEBUG -DSTM32 -DSTM32F429ZITx -DSTM32F4 -DNUCLEO_F429ZI -DUSE_HAL_DRIVER -DSTM32F429xx -c -I../Inc -I"/home/pato/Embebidos/CESE/PdM_workspace/Ej2_uart/Drivers/STM32F4xx_HAL_Driver/Inc" -I"/home/pato/Embebidos/CESE/PdM_workspace/Ej2_uart/Drivers/CMSIS/Include" -I"/home/pato/Embebidos/CESE/PdM_workspace/Ej2_uart/Drivers/CMSIS/Device/ST/STM32F4xx/Include" -I"/home/pato/Embebidos/CESE/PdM_workspace/Ej2_uart/Drivers/BSP/STM32F4xx_Nucleo_144" -I"/home/pato/Embebidos/CESE/PdM_workspace/Ej2_uart/Drivers/Core/Inc" -O0 -ffunction-sections -fdata-sections -Wall -fstack-usage -MMD -MP -MF"Drivers/STM32F4xx_HAL_Driver/Src/stm32f4xx_hal_lptim.d" -MT"Drivers/STM32F4xx_HAL_Driver/Src/stm32f4xx_hal_lptim.o" --specs=nano.specs -mfpu=fpv4-sp-d16 -mfloat-abi=hard -mthumb -o "Drivers/STM32F4xx_HAL_Driver/Src/stm32f4xx_hal_lptim.o"
arm-none-eabi-gcc "../Drivers/STM32F4xx_HAL_Driver/Src/stm32f4xx_hal_ltdc.c" -mcpu=cortex-m4 -std=gnu11 -g3 -DDEBUG -DSTM32 -DSTM32F429ZITx -DSTM32F4 -DNUCLEO_F429ZI -DUSE_HAL_DRIVER -DSTM32F429xx -c -I../Inc -I"/home/pato/Embebidos/CESE/PdM_workspace/Ej2_uart/Drivers/STM32F4xx_HAL_Driver/Inc" -I"/home/pato/Embebidos/CESE/PdM_workspace/Ej2_uart/Drivers/CMSIS/Include" -I"/home/pato/Embebidos/CESE/PdM_workspace/Ej2_uart/Drivers/CMSIS/Device/ST/STM32F4xx/Include" -I"/home/pato/Embebidos/CESE/PdM_workspace/Ej2_uart/Drivers/BSP/STM32F4xx_Nucleo_144" -I"/home/pato/Embebidos/CESE/PdM_workspace/Ej2_uart/Drivers/Core/Inc" -O0 -ffunction-sections -fdata-sections -Wall -fstack-usage -MMD -MP -MF"Drivers/STM32F4xx_HAL_Driver/Src/stm32f4xx_hal_ltdc.d" -MT"Drivers/STM32F4xx_HAL_Driver/Src/stm32f4xx_hal_ltdc.o" --specs=nano.specs -mfpu=fpv4-sp-d16 -mfloat-abi=hard -mthumb -o "Drivers/STM32F4xx_HAL_Driver/Src/stm32f4xx_hal_ltdc.o"
arm-none-eabi-gcc "../Drivers/STM32F4xx_HAL_Driver/Src/stm32f4xx_hal_ltdc_ex.c" -mcpu=cortex-m4 -std=gnu11 -g3 -DDEBUG -DSTM32 -DSTM32F429ZITx -DSTM32F4 -DNUCLEO_F429ZI -DUSE_HAL_DRIVER -DSTM32F429xx -c -I../Inc -I"/home/pato/Embebidos/CESE/PdM_workspace/Ej2_uart/Drivers/STM32F4xx_HAL_Driver/Inc" -I"/home/pato/Embebidos/CESE/PdM_workspace/Ej2_uart/Drivers/CMSIS/Include" -I"/home/pato/Embebidos/CESE/PdM_workspace/Ej2_uart/Drivers/CMSIS/Device/ST/STM32F4xx/Include" -I"/home/pato/Embebidos/CESE/PdM_workspace/Ej2_uart/Drivers/BSP/STM32F4xx_Nucleo_144" -I"/home/pato/Embebidos/CESE/PdM_workspace/Ej2_uart/Drivers/Core/Inc" -O0 -ffunction-sections -fdata-sections -Wall -fstack-usage -MMD -MP -MF"Drivers/STM32F4xx_HAL_Driver/Src/stm32f4xx_hal_ltdc_ex.d" -MT"Drivers/STM32F4xx_HAL_Driver/Src/stm32f4xx_hal_ltdc_ex.o" --specs=nano.specs -mfpu=fpv4-sp-d16 -mfloat-abi=hard -mthumb -o "Drivers/STM32F4xx_HAL_Driver/Src/stm32f4xx_hal_ltdc_ex.o"
arm-none-eabi-gcc "../Drivers/STM32F4xx_HAL_Driver/Src/stm32f4xx_hal_mmc.c" -mcpu=cortex-m4 -std=gnu11 -g3 -DDEBUG -DSTM32 -DSTM32F429ZITx -DSTM32F4 -DNUCLEO_F429ZI -DUSE_HAL_DRIVER -DSTM32F429xx -c -I../Inc -I"/home/pato/Embebidos/CESE/PdM_workspace/Ej2_uart/Drivers/STM32F4xx_HAL_Driver/Inc" -I"/home/pato/Embebidos/CESE/PdM_workspace/Ej2_uart/Drivers/CMSIS/Include" -I"/home/pato/Embebidos/CESE/PdM_workspace/Ej2_uart/Drivers/CMSIS/Device/ST/STM32F4xx/Include" -I"/home/pato/Embebidos/CESE/PdM_workspace/Ej2_uart/Drivers/BSP/STM32F4xx_Nucleo_144" -I"/home/pato/Embebidos/CESE/PdM_workspace/Ej2_uart/Drivers/Core/Inc" -O0 -ffunction-sections -fdata-sections -Wall -fstack-usage -MMD -MP -MF"Drivers/STM32F4xx_HAL_Driver/Src/stm32f4xx_hal_mmc.d" -MT"Drivers/STM32F4xx_HAL_Driver/Src/stm32f4xx_hal_mmc.o" --specs=nano.specs -mfpu=fpv4-sp-d16 -mfloat-abi=hard -mthumb -o "Drivers/STM32F4xx_HAL_Driver/Src/stm32f4xx_hal_mmc.o"
arm-none-eabi-gcc "../Drivers/STM32F4xx_HAL_Driver/Src/stm32f4xx_hal_msp_template.c" -mcpu=cortex-m4 -std=gnu11 -g3 -DDEBUG -DSTM32 -DSTM32F429ZITx -DSTM32F4 -DNUCLEO_F429ZI -DUSE_HAL_DRIVER -DSTM32F429xx -c -I../Inc -I"/home/pato/Embebidos/CESE/PdM_workspace/Ej2_uart/Drivers/STM32F4xx_HAL_Driver/Inc" -I"/home/pato/Embebidos/CESE/PdM_workspace/Ej2_uart/Drivers/CMSIS/Include" -I"/home/pato/Embebidos/CESE/PdM_workspace/Ej2_uart/Drivers/CMSIS/Device/ST/STM32F4xx/Include" -I"/home/pato/Embebidos/CESE/PdM_workspace/Ej2_uart/Drivers/BSP/STM32F4xx_Nucleo_144" -I"/home/pato/Embebidos/CESE/PdM_workspace/Ej2_uart/Drivers/Core/Inc" -O0 -ffunction-sections -fdata-sections -Wall -fstack-usage -MMD -MP -MF"Drivers/STM32F4xx_HAL_Driver/Src/stm32f4xx_hal_msp_template.d" -MT"Drivers/STM32F4xx_HAL_Driver/Src/stm32f4xx_hal_msp_template.o" --specs=nano.specs -mfpu=fpv4-sp-d16 -mfloat-abi=hard -mthumb -o "Drivers/STM32F4xx_HAL_Driver/Src/stm32f4xx_hal_msp_template.o"
arm-none-eabi-gcc "../Drivers/STM32F4xx_HAL_Driver/Src/stm32f4xx_hal_nand.c" -mcpu=cortex-m4 -std=gnu11 -g3 -DDEBUG -DSTM32 -DSTM32F429ZITx -DSTM32F4 -DNUCLEO_F429ZI -DUSE_HAL_DRIVER -DSTM32F429xx -c -I../Inc -I"/home/pato/Embebidos/CESE/PdM_workspace/Ej2_uart/Drivers/STM32F4xx_HAL_Driver/Inc" -I"/home/pato/Embebidos/CESE/PdM_workspace/Ej2_uart/Drivers/CMSIS/Include" -I"/home/pato/Embebidos/CESE/PdM_workspace/Ej2_uart/Drivers/CMSIS/Device/ST/STM32F4xx/Include" -I"/home/pato/Embebidos/CESE/PdM_workspace/Ej2_uart/Drivers/BSP/STM32F4xx_Nucleo_144" -I"/home/pato/Embebidos/CESE/PdM_workspace/Ej2_uart/Drivers/Core/Inc" -O0 -ffunction-sections -fdata-sections -Wall -fstack-usage -MMD -MP -MF"Drivers/STM32F4xx_HAL_Driver/Src/stm32f4xx_hal_nand.d" -MT"Drivers/STM32F4xx_HAL_Driver/Src/stm32f4xx_hal_nand.o" --specs=nano.specs -mfpu=fpv4-sp-d16 -mfloat-abi=hard -mthumb -o "Drivers/STM32F4xx_HAL_Driver/Src/stm32f4xx_hal_nand.o"
arm-none-eabi-gcc "../Drivers/STM32F4xx_HAL_Driver/Src/stm32f4xx_hal_nor.c" -mcpu=cortex-m4 -std=gnu11 -g3 -DDEBUG -DSTM32 -DSTM32F429ZITx -DSTM32F4 -DNUCLEO_F429ZI -DUSE_HAL_DRIVER -DSTM32F429xx -c -I../Inc -I"/home/pato/Embebidos/CESE/PdM_workspace/Ej2_uart/Drivers/STM32F4xx_HAL_Driver/Inc" -I"/home/pato/Embebidos/CESE/PdM_workspace/Ej2_uart/Drivers/CMSIS/Include" -I"/home/pato/Embebidos/CESE/PdM_workspace/Ej2_uart/Drivers/CMSIS/Device/ST/STM32F4xx/Include" -I"/home/pato/Embebidos/CESE/PdM_workspace/Ej2_uart/Drivers/BSP/STM32F4xx_Nucleo_144" -I"/home/pato/Embebidos/CESE/PdM_workspace/Ej2_uart/Drivers/Core/Inc" -O0 -ffunction-sections -fdata-sections -Wall -fstack-usage -MMD -MP -MF"Drivers/STM32F4xx_HAL_Driver/Src/stm32f4xx_hal_nor.d" -MT"Drivers/STM32F4xx_HAL_Driver/Src/stm32f4xx_hal_nor.o" --specs=nano.specs -mfpu=fpv4-sp-d16 -mfloat-abi=hard -mthumb -o "Drivers/STM32F4xx_HAL_Driver/Src/stm32f4xx_hal_nor.o"
arm-none-eabi-gcc "../Drivers/STM32F4xx_HAL_Driver/Src/stm32f4xx_hal_pccard.c" -mcpu=cortex-m4 -std=gnu11 -g3 -DDEBUG -DSTM32 -DSTM32F429ZITx -DSTM32F4 -DNUCLEO_F429ZI -DUSE_HAL_DRIVER -DSTM32F429xx -c -I../Inc -I"/home/pato/Embebidos/CESE/PdM_workspace/Ej2_uart/Drivers/STM32F4xx_HAL_Driver/Inc" -I"/home/pato/Embebidos/CESE/PdM_workspace/Ej2_uart/Drivers/CMSIS/Include" -I"/home/pato/Embebidos/CESE/PdM_workspace/Ej2_uart/Drivers/CMSIS/Device/ST/STM32F4xx/Include" -I"/home/pato/Embebidos/CESE/PdM_workspace/Ej2_uart/Drivers/BSP/STM32F4xx_Nucleo_144" -I"/home/pato/Embebidos/CESE/PdM_workspace/Ej2_uart/Drivers/Core/Inc" -O0 -ffunction-sections -fdata-sections -Wall -fstack-usage -MMD -MP -MF"Drivers/STM32F4xx_HAL_Driver/Src/stm32f4xx_hal_pccard.d" -MT"Drivers/STM32F4xx_HAL_Driver/Src/stm32f4xx_hal_pccard.o" --specs=nano.specs -mfpu=fpv4-sp-d16 -mfloat-abi=hard -mthumb -o "Drivers/STM32F4xx_HAL_Driver/Src/stm32f4xx_hal_pccard.o"
arm-none-eabi-gcc "../Drivers/STM32F4xx_HAL_Driver/Src/stm32f4xx_hal_pcd.c" -mcpu=cortex-m4 -std=gnu11 -g3 -DDEBUG -DSTM32 -DSTM32F429ZITx -DSTM32F4 -DNUCLEO_F429ZI -DUSE_HAL_DRIVER -DSTM32F429xx -c -I../Inc -I"/home/pato/Embebidos/CESE/PdM_workspace/Ej2_uart/Drivers/STM32F4xx_HAL_Driver/Inc" -I"/home/pato/Embebidos/CESE/PdM_workspace/Ej2_uart/Drivers/CMSIS/Include" -I"/home/pato/Embebidos/CESE/PdM_workspace/Ej2_uart/Drivers/CMSIS/Device/ST/STM32F4xx/Include" -I"/home/pato/Embebidos/CESE/PdM_workspace/Ej2_uart/Drivers/BSP/STM32F4xx_Nucleo_144" -I"/home/pato/Embebidos/CESE/PdM_workspace/Ej2_uart/Drivers/Core/Inc" -O0 -ffunction-sections -fdata-sections -Wall -fstack-usage -MMD -MP -MF"Drivers/STM32F4xx_HAL_Driver/Src/stm32f4xx_hal_pcd.d" -MT"Drivers/STM32F4xx_HAL_Driver/Src/stm32f4xx_hal_pcd.o" --specs=nano.specs -mfpu=fpv4-sp-d16 -mfloat-abi=hard -mthumb -o "Drivers/STM32F4xx_HAL_Driver/Src/stm32f4xx_hal_pcd.o"
arm-none-eabi-gcc "../Drivers/STM32F4xx_HAL_Driver/Src/stm32f4xx_hal_pcd_ex.c" -mcpu=cortex-m4 -std=gnu11 -g3 -DDEBUG -DSTM32 -DSTM32F429ZITx -DSTM32F4 -DNUCLEO_F429ZI -DUSE_HAL_DRIVER -DSTM32F429xx -c -I../Inc -I"/home/pato/Embebidos/CESE/PdM_workspace/Ej2_uart/Drivers/STM32F4xx_HAL_Driver/Inc" -I"/home/pato/Embebidos/CESE/PdM_workspace/Ej2_uart/Drivers/CMSIS/Include" -I"/home/pato/Embebidos/CESE/PdM_workspace/Ej2_uart/Drivers/CMSIS/Device/ST/STM32F4xx/Include" -I"/home/pato/Embebidos/CESE/PdM_workspace/Ej2_uart/Drivers/BSP/STM32F4xx_Nucleo_144" -I"/home/pato/Embebidos/CESE/PdM_workspace/Ej2_uart/Drivers/Core/Inc" -O0 -ffunction-sections -fdata-sections -Wall -fstack-usage -MMD -MP -MF"Drivers/STM32F4xx_HAL_Driver/Src/stm32f4xx_hal_pcd_ex.d" -MT"Drivers/STM32F4xx_HAL_Driver/Src/stm32f4xx_hal_pcd_ex.o" --specs=nano.specs -mfpu=fpv4-sp-d16 -mfloat-abi=hard -mthumb -o "Drivers/STM32F4xx_HAL_Driver/Src/stm32f4xx_hal_pcd_ex.o"
arm-none-eabi-gcc "../Drivers/STM32F4xx_HAL_Driver/Src/stm32f4xx_hal_pwr.c" -mcpu=cortex-m4 -std=gnu11 -g3 -DDEBUG -DSTM32 -DSTM32F429ZITx -DSTM32F4 -DNUCLEO_F429ZI -DUSE_HAL_DRIVER -DSTM32F429xx -c -I../Inc -I"/home/pato/Embebidos/CESE/PdM_workspace/Ej2_uart/Drivers/STM32F4xx_HAL_Driver/Inc" -I"/home/pato/Embebidos/CESE/PdM_workspace/Ej2_uart/Drivers/CMSIS/Include" -I"/home/pato/Embebidos/CESE/PdM_workspace/Ej2_uart/Drivers/CMSIS/Device/ST/STM32F4xx/Include" -I"/home/pato/Embebidos/CESE/PdM_workspace/Ej2_uart/Drivers/BSP/STM32F4xx_Nucleo_144" -I"/home/pato/Embebidos/CESE/PdM_workspace/Ej2_uart/Drivers/Core/Inc" -O0 -ffunction-sections -fdata-sections -Wall -fstack-usage -MMD -MP -MF"Drivers/STM32F4xx_HAL_Driver/Src/stm32f4xx_hal_pwr.d" -MT"Drivers/STM32F4xx_HAL_Driver/Src/stm32f4xx_hal_pwr.o" --specs=nano.specs -mfpu=fpv4-sp-d16 -mfloat-abi=hard -mthumb -o "Drivers/STM32F4xx_HAL_Driver/Src/stm32f4xx_hal_pwr.o"
arm-none-eabi-gcc "../Drivers/STM32F4xx_HAL_Driver/Src/stm32f4xx_hal_pwr_ex.c" -mcpu=cortex-m4 -std=gnu11 -g3 -DDEBUG -DSTM32 -DSTM32F429ZITx -DSTM32F4 -DNUCLEO_F429ZI -DUSE_HAL_DRIVER -DSTM32F429xx -c -I../Inc -I"/home/pato/Embebidos/CESE/PdM_workspace/Ej2_uart/Drivers/STM32F4xx_HAL_Driver/Inc" -I"/home/pato/Embebidos/CESE/PdM_workspace/Ej2_uart/Drivers/CMSIS/Include" -I"/home/pato/Embebidos/CESE/PdM_workspace/Ej2_uart/Drivers/CMSIS/Device/ST/STM32F4xx/Include" -I"/home/pato/Embebidos/CESE/PdM_workspace/Ej2_uart/Drivers/BSP/STM32F4xx_Nucleo_144" -I"/home/pato/Embebidos/CESE/PdM_workspace/Ej2_uart/Drivers/Core/Inc" -O0 -ffunction-sections -fdata-sections -Wall -fstack-usage -MMD -MP -MF"Drivers/STM32F4xx_HAL_Driver/Src/stm32f4xx_hal_pwr_ex.d" -MT"Drivers/STM32F4xx_HAL_Driver/Src/stm32f4xx_hal_pwr_ex.o" --specs=nano.specs -mfpu=fpv4-sp-d16 -mfloat-abi=hard -mthumb -o "Drivers/STM32F4xx_HAL_Driver/Src/stm32f4xx_hal_pwr_ex.o"
arm-none-eabi-gcc "../Drivers/STM32F4xx_HAL_Driver/Src/stm32f4xx_hal_qspi.c" -mcpu=cortex-m4 -std=gnu11 -g3 -DDEBUG -DSTM32 -DSTM32F429ZITx -DSTM32F4 -DNUCLEO_F429ZI -DUSE_HAL_DRIVER -DSTM32F429xx -c -I../Inc -I"/home/pato/Embebidos/CESE/PdM_workspace/Ej2_uart/Drivers/STM32F4xx_HAL_Driver/Inc" -I"/home/pato/Embebidos/CESE/PdM_workspace/Ej2_uart/Drivers/CMSIS/Include" -I"/home/pato/Embebidos/CESE/PdM_workspace/Ej2_uart/Drivers/CMSIS/Device/ST/STM32F4xx/Include" -I"/home/pato/Embebidos/CESE/PdM_workspace/Ej2_uart/Drivers/BSP/STM32F4xx_Nucleo_144" -I"/home/pato/Embebidos/CESE/PdM_workspace/Ej2_uart/Drivers/Core/Inc" -O0 -ffunction-sections -fdata-sections -Wall -fstack-usage -MMD -MP -MF"Drivers/STM32F4xx_HAL_Driver/Src/stm32f4xx_hal_qspi.d" -MT"Drivers/STM32F4xx_HAL_Driver/Src/stm32f4xx_hal_qspi.o" --specs=nano.specs -mfpu=fpv4-sp-d16 -mfloat-abi=hard -mthumb -o "Drivers/STM32F4xx_HAL_Driver/Src/stm32f4xx_hal_qspi.o"
arm-none-eabi-gcc "../Drivers/STM32F4xx_HAL_Driver/Src/stm32f4xx_hal_rcc.c" -mcpu=cortex-m4 -std=gnu11 -g3 -DDEBUG -DSTM32 -DSTM32F429ZITx -DSTM32F4 -DNUCLEO_F429ZI -DUSE_HAL_DRIVER -DSTM32F429xx -c -I../Inc -I"/home/pato/Embebidos/CESE/PdM_workspace/Ej2_uart/Drivers/STM32F4xx_HAL_Driver/Inc" -I"/home/pato/Embebidos/CESE/PdM_workspace/Ej2_uart/Drivers/CMSIS/Include" -I"/home/pato/Embebidos/CESE/PdM_workspace/Ej2_uart/Drivers/CMSIS/Device/ST/STM32F4xx/Include" -I"/home/pato/Embebidos/CESE/PdM_workspace/Ej2_uart/Drivers/BSP/STM32F4xx_Nucleo_144" -I"/home/pato/Embebidos/CESE/PdM_workspace/Ej2_uart/Drivers/Core/Inc" -O0 -ffunction-sections -fdata-sections -Wall -fstack-usage -MMD -MP -MF"Drivers/STM32F4xx_HAL_Driver/Src/stm32f4xx_hal_rcc.d" -MT"Drivers/STM32F4xx_HAL_Driver/Src/stm32f4xx_hal_rcc.o" --specs=nano.specs -mfpu=fpv4-sp-d16 -mfloat-abi=hard -mthumb -o "Drivers/STM32F4xx_HAL_Driver/Src/stm32f4xx_hal_rcc.o"
arm-none-eabi-gcc "../Drivers/STM32F4xx_HAL_Driver/Src/stm32f4xx_hal_rcc_ex.c" -mcpu=cortex-m4 -std=gnu11 -g3 -DDEBUG -DSTM32 -DSTM32F429ZITx -DSTM32F4 -DNUCLEO_F429ZI -DUSE_HAL_DRIVER -DSTM32F429xx -c -I../Inc -I"/home/pato/Embebidos/CESE/PdM_workspace/Ej2_uart/Drivers/STM32F4xx_HAL_Driver/Inc" -I"/home/pato/Embebidos/CESE/PdM_workspace/Ej2_uart/Drivers/CMSIS/Include" -I"/home/pato/Embebidos/CESE/PdM_workspace/Ej2_uart/Drivers/CMSIS/Device/ST/STM32F4xx/Include" -I"/home/pato/Embebidos/CESE/PdM_workspace/Ej2_uart/Drivers/BSP/STM32F4xx_Nucleo_144" -I"/home/pato/Embebidos/CESE/PdM_workspace/Ej2_uart/Drivers/Core/Inc" -O0 -ffunction-sections -fdata-sections -Wall -fstack-usage -MMD -MP -MF"Drivers/STM32F4xx_HAL_Driver/Src/stm32f4xx_hal_rcc_ex.d" -MT"Drivers/STM32F4xx_HAL_Driver/Src/stm32f4xx_hal_rcc_ex.o" --specs=nano.specs -mfpu=fpv4-sp-d16 -mfloat-abi=hard -mthumb -o "Drivers/STM32F4xx_HAL_Driver/Src/stm32f4xx_hal_rcc_ex.o"
arm-none-eabi-gcc "../Drivers/STM32F4xx_HAL_Driver/Src/stm32f4xx_hal_rng.c" -mcpu=cortex-m4 -std=gnu11 -g3 -DDEBUG -DSTM32 -DSTM32F429ZITx -DSTM32F4 -DNUCLEO_F429ZI -DUSE_HAL_DRIVER -DSTM32F429xx -c -I../Inc -I"/home/pato/Embebidos/CESE/PdM_workspace/Ej2_uart/Drivers/STM32F4xx_HAL_Driver/Inc" -I"/home/pato/Embebidos/CESE/PdM_workspace/Ej2_uart/Drivers/CMSIS/Include" -I"/home/pato/Embebidos/CESE/PdM_workspace/Ej2_uart/Drivers/CMSIS/Device/ST/STM32F4xx/Include" -I"/home/pato/Embebidos/CESE/PdM_workspace/Ej2_uart/Drivers/BSP/STM32F4xx_Nucleo_144" -I"/home/pato/Embebidos/CESE/PdM_workspace/Ej2_uart/Drivers/Core/Inc" -O0 -ffunction-sections -fdata-sections -Wall -fstack-usage -MMD -MP -MF"Drivers/STM32F4xx_HAL_Driver/Src/stm32f4xx_hal_rng.d" -MT"Drivers/STM32F4xx_HAL_Driver/Src/stm32f4xx_hal_rng.o" --specs=nano.specs -mfpu=fpv4-sp-d16 -mfloat-abi=hard -mthumb -o "Drivers/STM32F4xx_HAL_Driver/Src/stm32f4xx_hal_rng.o"
arm-none-eabi-gcc "../Drivers/STM32F4xx_HAL_Driver/Src/stm32f4xx_hal_rtc.c" -mcpu=cortex-m4 -std=gnu11 -g3 -DDEBUG -DSTM32 -DSTM32F429ZITx -DSTM32F4 -DNUCLEO_F429ZI -DUSE_HAL_DRIVER -DSTM32F429xx -c -I../Inc -I"/home/pato/Embebidos/CESE/PdM_workspace/Ej2_uart/Drivers/STM32F4xx_HAL_Driver/Inc" -I"/home/pato/Embebidos/CESE/PdM_workspace/Ej2_uart/Drivers/CMSIS/Include" -I"/home/pato/Embebidos/CESE/PdM_workspace/Ej2_uart/Drivers/CMSIS/Device/ST/STM32F4xx/Include" -I"/home/pato/Embebidos/CESE/PdM_workspace/Ej2_uart/Drivers/BSP/STM32F4xx_Nucleo_144" -I"/home/pato/Embebidos/CESE/PdM_workspace/Ej2_uart/Drivers/Core/Inc" -O0 -ffunction-sections -fdata-sections -Wall -fstack-usage -MMD -MP -MF"Drivers/STM32F4xx_HAL_Driver/Src/stm32f4xx_hal_rtc.d" -MT"Drivers/STM32F4xx_HAL_Driver/Src/stm32f4xx_hal_rtc.o" --specs=nano.specs -mfpu=fpv4-sp-d16 -mfloat-abi=hard -mthumb -o "Drivers/STM32F4xx_HAL_Driver/Src/stm32f4xx_hal_rtc.o"
arm-none-eabi-gcc "../Drivers/STM32F4xx_HAL_Driver/Src/stm32f4xx_hal_rtc_ex.c" -mcpu=cortex-m4 -std=gnu11 -g3 -DDEBUG -DSTM32 -DSTM32F429ZITx -DSTM32F4 -DNUCLEO_F429ZI -DUSE_HAL_DRIVER -DSTM32F429xx -c -I../Inc -I"/home/pato/Embebidos/CESE/PdM_workspace/Ej2_uart/Drivers/STM32F4xx_HAL_Driver/Inc" -I"/home/pato/Embebidos/CESE/PdM_workspace/Ej2_uart/Drivers/CMSIS/Include" -I"/home/pato/Embebidos/CESE/PdM_workspace/Ej2_uart/Drivers/CMSIS/Device/ST/STM32F4xx/Include" -I"/home/pato/Embebidos/CESE/PdM_workspace/Ej2_uart/Drivers/BSP/STM32F4xx_Nucleo_144" -I"/home/pato/Embebidos/CESE/PdM_workspace/Ej2_uart/Drivers/Core/Inc" -O0 -ffunction-sections -fdata-sections -Wall -fstack-usage -MMD -MP -MF"Drivers/STM32F4xx_HAL_Driver/Src/stm32f4xx_hal_rtc_ex.d" -MT"Drivers/STM32F4xx_HAL_Driver/Src/stm32f4xx_hal_rtc_ex.o" --specs=nano.specs -mfpu=fpv4-sp-d16 -mfloat-abi=hard -mthumb -o "Drivers/STM32F4xx_HAL_Driver/Src/stm32f4xx_hal_rtc_ex.o"
arm-none-eabi-gcc "../Drivers/STM32F4xx_HAL_Driver/Src/stm32f4xx_hal_sai.c" -mcpu=cortex-m4 -std=gnu11 -g3 -DDEBUG -DSTM32 -DSTM32F429ZITx -DSTM32F4 -DNUCLEO_F429ZI -DUSE_HAL_DRIVER -DSTM32F429xx -c -I../Inc -I"/home/pato/Embebidos/CESE/PdM_workspace/Ej2_uart/Drivers/STM32F4xx_HAL_Driver/Inc" -I"/home/pato/Embebidos/CESE/PdM_workspace/Ej2_uart/Drivers/CMSIS/Include" -I"/home/pato/Embebidos/CESE/PdM_workspace/Ej2_uart/Drivers/CMSIS/Device/ST/STM32F4xx/Include" -I"/home/pato/Embebidos/CESE/PdM_workspace/Ej2_uart/Drivers/BSP/STM32F4xx_Nucleo_144" -I"/home/pato/Embebidos/CESE/PdM_workspace/Ej2_uart/Drivers/Core/Inc" -O0 -ffunction-sections -fdata-sections -Wall -fstack-usage -MMD -MP -MF"Drivers/STM32F4xx_HAL_Driver/Src/stm32f4xx_hal_sai.d" -MT"Drivers/STM32F4xx_HAL_Driver/Src/stm32f4xx_hal_sai.o" --specs=nano.specs -mfpu=fpv4-sp-d16 -mfloat-abi=hard -mthumb -o "Drivers/STM32F4xx_HAL_Driver/Src/stm32f4xx_hal_sai.o"
arm-none-eabi-gcc "../Drivers/STM32F4xx_HAL_Driver/Src/stm32f4xx_hal_sai_ex.c" -mcpu=cortex-m4 -std=gnu11 -g3 -DDEBUG -DSTM32 -DSTM32F429ZITx -DSTM32F4 -DNUCLEO_F429ZI -DUSE_HAL_DRIVER -DSTM32F429xx -c -I../Inc -I"/home/pato/Embebidos/CESE/PdM_workspace/Ej2_uart/Drivers/STM32F4xx_HAL_Driver/Inc" -I"/home/pato/Embebidos/CESE/PdM_workspace/Ej2_uart/Drivers/CMSIS/Include" -I"/home/pato/Embebidos/CESE/PdM_workspace/Ej2_uart/Drivers/CMSIS/Device/ST/STM32F4xx/Include" -I"/home/pato/Embebidos/CESE/PdM_workspace/Ej2_uart/Drivers/BSP/STM32F4xx_Nucleo_144" -I"/home/pato/Embebidos/CESE/PdM_workspace/Ej2_uart/Drivers/Core/Inc" -O0 -ffunction-sections -fdata-sections -Wall -fstack-usage -MMD -MP -MF"Drivers/STM32F4xx_HAL_Driver/Src/stm32f4xx_hal_sai_ex.d" -MT"Drivers/STM32F4xx_HAL_Driver/Src/stm32f4xx_hal_sai_ex.o" --specs=nano.specs -mfpu=fpv4-sp-d16 -mfloat-abi=hard -mthumb -o "Drivers/STM32F4xx_HAL_Driver/Src/stm32f4xx_hal_sai_ex.o"
arm-none-eabi-gcc "../Drivers/STM32F4xx_HAL_Driver/Src/stm32f4xx_hal_sd.c" -mcpu=cortex-m4 -std=gnu11 -g3 -DDEBUG -DSTM32 -DSTM32F429ZITx -DSTM32F4 -DNUCLEO_F429ZI -DUSE_HAL_DRIVER -DSTM32F429xx -c -I../Inc -I"/home/pato/Embebidos/CESE/PdM_workspace/Ej2_uart/Drivers/STM32F4xx_HAL_Driver/Inc" -I"/home/pato/Embebidos/CESE/PdM_workspace/Ej2_uart/Drivers/CMSIS/Include" -I"/home/pato/Embebidos/CESE/PdM_workspace/Ej2_uart/Drivers/CMSIS/Device/ST/STM32F4xx/Include" -I"/home/pato/Embebidos/CESE/PdM_workspace/Ej2_uart/Drivers/BSP/STM32F4xx_Nucleo_144" -I"/home/pato/Embebidos/CESE/PdM_workspace/Ej2_uart/Drivers/Core/Inc" -O0 -ffunction-sections -fdata-sections -Wall -fstack-usage -MMD -MP -MF"Drivers/STM32F4xx_HAL_Driver/Src/stm32f4xx_hal_sd.d" -MT"Drivers/STM32F4xx_HAL_Driver/Src/stm32f4xx_hal_sd.o" --specs=nano.specs -mfpu=fpv4-sp-d16 -mfloat-abi=hard -mthumb -o "Drivers/STM32F4xx_HAL_Driver/Src/stm32f4xx_hal_sd.o"
arm-none-eabi-gcc "../Drivers/STM32F4xx_HAL_Driver/Src/stm32f4xx_hal_sdram.c" -mcpu=cortex-m4 -std=gnu11 -g3 -DDEBUG -DSTM32 -DSTM32F429ZITx -DSTM32F4 -DNUCLEO_F429ZI -DUSE_HAL_DRIVER -DSTM32F429xx -c -I../Inc -I"/home/pato/Embebidos/CESE/PdM_workspace/Ej2_uart/Drivers/STM32F4xx_HAL_Driver/Inc" -I"/home/pato/Embebidos/CESE/PdM_workspace/Ej2_uart/Drivers/CMSIS/Include" -I"/home/pato/Embebidos/CESE/PdM_workspace/Ej2_uart/Drivers/CMSIS/Device/ST/STM32F4xx/Include" -I"/home/pato/Embebidos/CESE/PdM_workspace/Ej2_uart/Drivers/BSP/STM32F4xx_Nucleo_144" -I"/home/pato/Embebidos/CESE/PdM_workspace/Ej2_uart/Drivers/Core/Inc" -O0 -ffunction-sections -fdata-sections -Wall -fstack-usage -MMD -MP -MF"Drivers/STM32F4xx_HAL_Driver/Src/stm32f4xx_hal_sdram.d" -MT"Drivers/STM32F4xx_HAL_Driver/Src/stm32f4xx_hal_sdram.o" --specs=nano.specs -mfpu=fpv4-sp-d16 -mfloat-abi=hard -mthumb -o "Drivers/STM32F4xx_HAL_Driver/Src/stm32f4xx_hal_sdram.o"
arm-none-eabi-gcc "../Drivers/STM32F4xx_HAL_Driver/Src/stm32f4xx_hal_smartcard.c" -mcpu=cortex-m4 -std=gnu11 -g3 -DDEBUG -DSTM32 -DSTM32F429ZITx -DSTM32F4 -DNUCLEO_F429ZI -DUSE_HAL_DRIVER -DSTM32F429xx -c -I../Inc -I"/home/pato/Embebidos/CESE/PdM_workspace/Ej2_uart/Drivers/STM32F4xx_HAL_Driver/Inc" -I"/home/pato/Embebidos/CESE/PdM_workspace/Ej2_uart/Drivers/CMSIS/Include" -I"/home/pato/Embebidos/CESE/PdM_workspace/Ej2_uart/Drivers/CMSIS/Device/ST/STM32F4xx/Include" -I"/home/pato/Embebidos/CESE/PdM_workspace/Ej2_uart/Drivers/BSP/STM32F4xx_Nucleo_144" -I"/home/pato/Embebidos/CESE/PdM_workspace/Ej2_uart/Drivers/Core/Inc" -O0 -ffunction-sections -fdata-sections -Wall -fstack-usage -MMD -MP -MF"Drivers/STM32F4xx_HAL_Driver/Src/stm32f4xx_hal_smartcard.d" -MT"Drivers/STM32F4xx_HAL_Driver/Src/stm32f4xx_hal_smartcard.o" --specs=nano.specs -mfpu=fpv4-sp-d16 -mfloat-abi=hard -mthumb -o "Drivers/STM32F4xx_HAL_Driver/Src/stm32f4xx_hal_smartcard.o"
arm-none-eabi-gcc "../Drivers/STM32F4xx_HAL_Driver/Src/stm32f4xx_hal_smbus.c" -mcpu=cortex-m4 -std=gnu11 -g3 -DDEBUG -DSTM32 -DSTM32F429ZITx -DSTM32F4 -DNUCLEO_F429ZI -DUSE_HAL_DRIVER -DSTM32F429xx -c -I../Inc -I"/home/pato/Embebidos/CESE/PdM_workspace/Ej2_uart/Drivers/STM32F4xx_HAL_Driver/Inc" -I"/home/pato/Embebidos/CESE/PdM_workspace/Ej2_uart/Drivers/CMSIS/Include" -I"/home/pato/Embebidos/CESE/PdM_workspace/Ej2_uart/Drivers/CMSIS/Device/ST/STM32F4xx/Include" -I"/home/pato/Embebidos/CESE/PdM_workspace/Ej2_uart/Drivers/BSP/STM32F4xx_Nucleo_144" -I"/home/pato/Embebidos/CESE/PdM_workspace/Ej2_uart/Drivers/Core/Inc" -O0 -ffunction-sections -fdata-sections -Wall -fstack-usage -MMD -MP -MF"Drivers/STM32F4xx_HAL_Driver/Src/stm32f4xx_hal_smbus.d" -MT"Drivers/STM32F4xx_HAL_Driver/Src/stm32f4xx_hal_smbus.o" --specs=nano.specs -mfpu=fpv4-sp-d16 -mfloat-abi=hard -mthumb -o "Drivers/STM32F4xx_HAL_Driver/Src/stm32f4xx_hal_smbus.o"
arm-none-eabi-gcc "../Drivers/STM32F4xx_HAL_Driver/Src/stm32f4xx_hal_spdifrx.c" -mcpu=cortex-m4 -std=gnu11 -g3 -DDEBUG -DSTM32 -DSTM32F429ZITx -DSTM32F4 -DNUCLEO_F429ZI -DUSE_HAL_DRIVER -DSTM32F429xx -c -I../Inc -I"/home/pato/Embebidos/CESE/PdM_workspace/Ej2_uart/Drivers/STM32F4xx_HAL_Driver/Inc" -I"/home/pato/Embebidos/CESE/PdM_workspace/Ej2_uart/Drivers/CMSIS/Include" -I"/home/pato/Embebidos/CESE/PdM_workspace/Ej2_uart/Drivers/CMSIS/Device/ST/STM32F4xx/Include" -I"/home/pato/Embebidos/CESE/PdM_workspace/Ej2_uart/Drivers/BSP/STM32F4xx_Nucleo_144" -I"/home/pato/Embebidos/CESE/PdM_workspace/Ej2_uart/Drivers/Core/Inc" -O0 -ffunction-sections -fdata-sections -Wall -fstack-usage -MMD -MP -MF"Drivers/STM32F4xx_HAL_Driver/Src/stm32f4xx_hal_spdifrx.d" -MT"Drivers/STM32F4xx_HAL_Driver/Src/stm32f4xx_hal_spdifrx.o" --specs=nano.specs -mfpu=fpv4-sp-d16 -mfloat-abi=hard -mthumb -o "Drivers/STM32F4xx_HAL_Driver/Src/stm32f4xx_hal_spdifrx.o"
arm-none-eabi-gcc "../Drivers/STM32F4xx_HAL_Driver/Src/stm32f4xx_hal_spi.c" -mcpu=cortex-m4 -std=gnu11 -g3 -DDEBUG -DSTM32 -DSTM32F429ZITx -DSTM32F4 -DNUCLEO_F429ZI -DUSE_HAL_DRIVER -DSTM32F429xx -c -I../Inc -I"/home/pato/Embebidos/CESE/PdM_workspace/Ej2_uart/Drivers/STM32F4xx_HAL_Driver/Inc" -I"/home/pato/Embebidos/CESE/PdM_workspace/Ej2_uart/Drivers/CMSIS/Include" -I"/home/pato/Embebidos/CESE/PdM_workspace/Ej2_uart/Drivers/CMSIS/Device/ST/STM32F4xx/Include" -I"/home/pato/Embebidos/CESE/PdM_workspace/Ej2_uart/Drivers/BSP/STM32F4xx_Nucleo_144" -I"/home/pato/Embebidos/CESE/PdM_workspace/Ej2_uart/Drivers/Core/Inc" -O0 -ffunction-sections -fdata-sections -Wall -fstack-usage -MMD -MP -MF"Drivers/STM32F4xx_HAL_Driver/Src/stm32f4xx_hal_spi.d" -MT"Drivers/STM32F4xx_HAL_Driver/Src/stm32f4xx_hal_spi.o" --specs=nano.specs -mfpu=fpv4-sp-d16 -mfloat-abi=hard -mthumb -o "Drivers/STM32F4xx_HAL_Driver/Src/stm32f4xx_hal_spi.o"
arm-none-eabi-gcc "../Drivers/STM32F4xx_HAL_Driver/Src/stm32f4xx_hal_sram.c" -mcpu=cortex-m4 -std=gnu11 -g3 -DDEBUG -DSTM32 -DSTM32F429ZITx -DSTM32F4 -DNUCLEO_F429ZI -DUSE_HAL_DRIVER -DSTM32F429xx -c -I../Inc -I"/home/pato/Embebidos/CESE/PdM_workspace/Ej2_uart/Drivers/STM32F4xx_HAL_Driver/Inc" -I"/home/pato/Embebidos/CESE/PdM_workspace/Ej2_uart/Drivers/CMSIS/Include" -I"/home/pato/Embebidos/CESE/PdM_workspace/Ej2_uart/Drivers/CMSIS/Device/ST/STM32F4xx/Include" -I"/home/pato/Embebidos/CESE/PdM_workspace/Ej2_uart/Drivers/BSP/STM32F4xx_Nucleo_144" -I"/home/pato/Embebidos/CESE/PdM_workspace/Ej2_uart/Drivers/Core/Inc" -O0 -ffunction-sections -fdata-sections -Wall -fstack-usage -MMD -MP -MF"Drivers/STM32F4xx_HAL_Driver/Src/stm32f4xx_hal_sram.d" -MT"Drivers/STM32F4xx_HAL_Driver/Src/stm32f4xx_hal_sram.o" --specs=nano.specs -mfpu=fpv4-sp-d16 -mfloat-abi=hard -mthumb -o "Drivers/STM32F4xx_HAL_Driver/Src/stm32f4xx_hal_sram.o"
arm-none-eabi-gcc "../Drivers/STM32F4xx_HAL_Driver/Src/stm32f4xx_hal_tim.c" -mcpu=cortex-m4 -std=gnu11 -g3 -DDEBUG -DSTM32 -DSTM32F429ZITx -DSTM32F4 -DNUCLEO_F429ZI -DUSE_HAL_DRIVER -DSTM32F429xx -c -I../Inc -I"/home/pato/Embebidos/CESE/PdM_workspace/Ej2_uart/Drivers/STM32F4xx_HAL_Driver/Inc" -I"/home/pato/Embebidos/CESE/PdM_workspace/Ej2_uart/Drivers/CMSIS/Include" -I"/home/pato/Embebidos/CESE/PdM_workspace/Ej2_uart/Drivers/CMSIS/Device/ST/STM32F4xx/Include" -I"/home/pato/Embebidos/CESE/PdM_workspace/Ej2_uart/Drivers/BSP/STM32F4xx_Nucleo_144" -I"/home/pato/Embebidos/CESE/PdM_workspace/Ej2_uart/Drivers/Core/Inc" -O0 -ffunction-sections -fdata-sections -Wall -fstack-usage -MMD -MP -MF"Drivers/STM32F4xx_HAL_Driver/Src/stm32f4xx_hal_tim.d" -MT"Drivers/STM32F4xx_HAL_Driver/Src/stm32f4xx_hal_tim.o" --specs=nano.specs -mfpu=fpv4-sp-d16 -mfloat-abi=hard -mthumb -o "Drivers/STM32F4xx_HAL_Driver/Src/stm32f4xx_hal_tim.o"
arm-none-eabi-gcc "../Drivers/STM32F4xx_HAL_Driver/Src/stm32f4xx_hal_tim_ex.c" -mcpu=cortex-m4 -std=gnu11 -g3 -DDEBUG -DSTM32 -DSTM32F429ZITx -DSTM32F4 -DNUCLEO_F429ZI -DUSE_HAL_DRIVER -DSTM32F429xx -c -I../Inc -I"/home/pato/Embebidos/CESE/PdM_workspace/Ej2_uart/Drivers/STM32F4xx_HAL_Driver/Inc" -I"/home/pato/Embebidos/CESE/PdM_workspace/Ej2_uart/Drivers/CMSIS/Include" -I"/home/pato/Embebidos/CESE/PdM_workspace/Ej2_uart/Drivers/CMSIS/Device/ST/STM32F4xx/Include" -I"/home/pato/Embebidos/CESE/PdM_workspace/Ej2_uart/Drivers/BSP/STM32F4xx_Nucleo_144" -I"/home/pato/Embebidos/CESE/PdM_workspace/Ej2_uart/Drivers/Core/Inc" -O0 -ffunction-sections -fdata-sections -Wall -fstack-usage -MMD -MP -MF"Drivers/STM32F4xx_HAL_Driver/Src/stm32f4xx_hal_tim_ex.d" -MT"Drivers/STM32F4xx_HAL_Driver/Src/stm32f4xx_hal_tim_ex.o" --specs=nano.specs -mfpu=fpv4-sp-d16 -mfloat-abi=hard -mthumb -o "Drivers/STM32F4xx_HAL_Driver/Src/stm32f4xx_hal_tim_ex.o"
arm-none-eabi-gcc "../Drivers/STM32F4xx_HAL_Driver/Src/stm32f4xx_hal_uart.c" -mcpu=cortex-m4 -std=gnu11 -g3 -DDEBUG -DSTM32 -DSTM32F429ZITx -DSTM32F4 -DNUCLEO_F429ZI -DUSE_HAL_DRIVER -DSTM32F429xx -c -I../Inc -I"/home/pato/Embebidos/CESE/PdM_workspace/Ej2_uart/Drivers/STM32F4xx_HAL_Driver/Inc" -I"/home/pato/Embebidos/CESE/PdM_workspace/Ej2_uart/Drivers/CMSIS/Include" -I"/home/pato/Embebidos/CESE/PdM_workspace/Ej2_uart/Drivers/CMSIS/Device/ST/STM32F4xx/Include" -I"/home/pato/Embebidos/CESE/PdM_workspace/Ej2_uart/Drivers/BSP/STM32F4xx_Nucleo_144" -I"/home/pato/Embebidos/CESE/PdM_workspace/Ej2_uart/Drivers/Core/Inc" -O0 -ffunction-sections -fdata-sections -Wall -fstack-usage -MMD -MP -MF"Drivers/STM32F4xx_HAL_Driver/Src/stm32f4xx_hal_uart.d" -MT"Drivers/STM32F4xx_HAL_Driver/Src/stm32f4xx_hal_uart.o" --specs=nano.specs -mfpu=fpv4-sp-d16 -mfloat-abi=hard -mthumb -o "Drivers/STM32F4xx_HAL_Driver/Src/stm32f4xx_hal_uart.o"
arm-none-eabi-gcc "../Drivers/STM32F4xx_HAL_Driver/Src/stm32f4xx_hal_usart.c" -mcpu=cortex-m4 -std=gnu11 -g3 -DDEBUG -DSTM32 -DSTM32F429ZITx -DSTM32F4 -DNUCLEO_F429ZI -DUSE_HAL_DRIVER -DSTM32F429xx -c -I../Inc -I"/home/pato/Embebidos/CESE/PdM_workspace/Ej2_uart/Drivers/STM32F4xx_HAL_Driver/Inc" -I"/home/pato/Embebidos/CESE/PdM_workspace/Ej2_uart/Drivers/CMSIS/Include" -I"/home/pato/Embebidos/CESE/PdM_workspace/Ej2_uart/Drivers/CMSIS/Device/ST/STM32F4xx/Include" -I"/home/pato/Embebidos/CESE/PdM_workspace/Ej2_uart/Drivers/BSP/STM32F4xx_Nucleo_144" -I"/home/pato/Embebidos/CESE/PdM_workspace/Ej2_uart/Drivers/Core/Inc" -O0 -ffunction-sections -fdata-sections -Wall -fstack-usage -MMD -MP -MF"Drivers/STM32F4xx_HAL_Driver/Src/stm32f4xx_hal_usart.d" -MT"Drivers/STM32F4xx_HAL_Driver/Src/stm32f4xx_hal_usart.o" --specs=nano.specs -mfpu=fpv4-sp-d16 -mfloat-abi=hard -mthumb -o "Drivers/STM32F4xx_HAL_Driver/Src/stm32f4xx_hal_usart.o"
arm-none-eabi-gcc "../Drivers/STM32F4xx_HAL_Driver/Src/stm32f4xx_hal_wwdg.c" -mcpu=cortex-m4 -std=gnu11 -g3 -DDEBUG -DSTM32 -DSTM32F429ZITx -DSTM32F4 -DNUCLEO_F429ZI -DUSE_HAL_DRIVER -DSTM32F429xx -c -I../Inc -I"/home/pato/Embebidos/CESE/PdM_workspace/Ej2_uart/Drivers/STM32F4xx_HAL_Driver/Inc" -I"/home/pato/Embebidos/CESE/PdM_workspace/Ej2_uart/Drivers/CMSIS/Include" -I"/home/pato/Embebidos/CESE/PdM_workspace/Ej2_uart/Drivers/CMSIS/Device/ST/STM32F4xx/Include" -I"/home/pato/Embebidos/CESE/PdM_workspace/Ej2_uart/Drivers/BSP/STM32F4xx_Nucleo_144" -I"/home/pato/Embebidos/CESE/PdM_workspace/Ej2_uart/Drivers/Core/Inc" -O0 -ffunction-sections -fdata-sections -Wall -fstack-usage -MMD -MP -MF"Drivers/STM32F4xx_HAL_Driver/Src/stm32f4xx_hal_wwdg.d" -MT"Drivers/STM32F4xx_HAL_Driver/Src/stm32f4xx_hal_wwdg.o" --specs=nano.specs -mfpu=fpv4-sp-d16 -mfloat-abi=hard -mthumb -o "Drivers/STM32F4xx_HAL_Driver/Src/stm32f4xx_hal_wwdg.o"
arm-none-eabi-gcc "../Drivers/STM32F4xx_HAL_Driver/Src/stm32f4xx_ll_adc.c" -mcpu=cortex-m4 -std=gnu11 -g3 -DDEBUG -DSTM32 -DSTM32F429ZITx -DSTM32F4 -DNUCLEO_F429ZI -DUSE_HAL_DRIVER -DSTM32F429xx -c -I../Inc -I"/home/pato/Embebidos/CESE/PdM_workspace/Ej2_uart/Drivers/STM32F4xx_HAL_Driver/Inc" -I"/home/pato/Embebidos/CESE/PdM_workspace/Ej2_uart/Drivers/CMSIS/Include" -I"/home/pato/Embebidos/CESE/PdM_workspace/Ej2_uart/Drivers/CMSIS/Device/ST/STM32F4xx/Include" -I"/home/pato/Embebidos/CESE/PdM_workspace/Ej2_uart/Drivers/BSP/STM32F4xx_Nucleo_144" -I"/home/pato/Embebidos/CESE/PdM_workspace/Ej2_uart/Drivers/Core/Inc" -O0 -ffunction-sections -fdata-sections -Wall -fstack-usage -MMD -MP -MF"Drivers/STM32F4xx_HAL_Driver/Src/stm32f4xx_ll_adc.d" -MT"Drivers/STM32F4xx_HAL_Driver/Src/stm32f4xx_ll_adc.o" --specs=nano.specs -mfpu=fpv4-sp-d16 -mfloat-abi=hard -mthumb -o "Drivers/STM32F4xx_HAL_Driver/Src/stm32f4xx_ll_adc.o"
arm-none-eabi-gcc "../Drivers/STM32F4xx_HAL_Driver/Src/stm32f4xx_ll_crc.c" -mcpu=cortex-m4 -std=gnu11 -g3 -DDEBUG -DSTM32 -DSTM32F429ZITx -DSTM32F4 -DNUCLEO_F429ZI -DUSE_HAL_DRIVER -DSTM32F429xx -c -I../Inc -I"/home/pato/Embebidos/CESE/PdM_workspace/Ej2_uart/Drivers/STM32F4xx_HAL_Driver/Inc" -I"/home/pato/Embebidos/CESE/PdM_workspace/Ej2_uart/Drivers/CMSIS/Include" -I"/home/pato/Embebidos/CESE/PdM_workspace/Ej2_uart/Drivers/CMSIS/Device/ST/STM32F4xx/Include" -I"/home/pato/Embebidos/CESE/PdM_workspace/Ej2_uart/Drivers/BSP/STM32F4xx_Nucleo_144" -I"/home/pato/Embebidos/CESE/PdM_workspace/Ej2_uart/Drivers/Core/Inc" -O0 -ffunction-sections -fdata-sections -Wall -fstack-usage -MMD -MP -MF"Drivers/STM32F4xx_HAL_Driver/Src/stm32f4xx_ll_crc.d" -MT"Drivers/STM32F4xx_HAL_Driver/Src/stm32f4xx_ll_crc.o" --specs=nano.specs -mfpu=fpv4-sp-d16 -mfloat-abi=hard -mthumb -o "Drivers/STM32F4xx_HAL_Driver/Src/stm32f4xx_ll_crc.o"
arm-none-eabi-gcc "../Drivers/STM32F4xx_HAL_Driver/Src/stm32f4xx_ll_dac.c" -mcpu=cortex-m4 -std=gnu11 -g3 -DDEBUG -DSTM32 -DSTM32F429ZITx -DSTM32F4 -DNUCLEO_F429ZI -DUSE_HAL_DRIVER -DSTM32F429xx -c -I../Inc -I"/home/pato/Embebidos/CESE/PdM_workspace/Ej2_uart/Drivers/STM32F4xx_HAL_Driver/Inc" -I"/home/pato/Embebidos/CESE/PdM_workspace/Ej2_uart/Drivers/CMSIS/Include" -I"/home/pato/Embebidos/CESE/PdM_workspace/Ej2_uart/Drivers/CMSIS/Device/ST/STM32F4xx/Include" -I"/home/pato/Embebidos/CESE/PdM_workspace/Ej2_uart/Drivers/BSP/STM32F4xx_Nucleo_144" -I"/home/pato/Embebidos/CESE/PdM_workspace/Ej2_uart/Drivers/Core/Inc" -O0 -ffunction-sections -fdata-sections -Wall -fstack-usage -MMD -MP -MF"Drivers/STM32F4xx_HAL_Driver/Src/stm32f4xx_ll_dac.d" -MT"Drivers/STM32F4xx_HAL_Driver/Src/stm32f4xx_ll_dac.o" --specs=nano.specs -mfpu=fpv4-sp-d16 -mfloat-abi=hard -mthumb -o "Drivers/STM32F4xx_HAL_Driver/Src/stm32f4xx_ll_dac.o"
arm-none-eabi-gcc "../Drivers/STM32F4xx_HAL_Driver/Src/stm32f4xx_ll_dma.c" -mcpu=cortex-m4 -std=gnu11 -g3 -DDEBUG -DSTM32 -DSTM32F429ZITx -DSTM32F4 -DNUCLEO_F429ZI -DUSE_HAL_DRIVER -DSTM32F429xx -c -I../Inc -I"/home/pato/Embebidos/CESE/PdM_workspace/Ej2_uart/Drivers/STM32F4xx_HAL_Driver/Inc" -I"/home/pato/Embebidos/CESE/PdM_workspace/Ej2_uart/Drivers/CMSIS/Include" -I"/home/pato/Embebidos/CESE/PdM_workspace/Ej2_uart/Drivers/CMSIS/Device/ST/STM32F4xx/Include" -I"/home/pato/Embebidos/CESE/PdM_workspace/Ej2_uart/Drivers/BSP/STM32F4xx_Nucleo_144" -I"/home/pato/Embebidos/CESE/PdM_workspace/Ej2_uart/Drivers/Core/Inc" -O0 -ffunction-sections -fdata-sections -Wall -fstack-usage -MMD -MP -MF"Drivers/STM32F4xx_HAL_Driver/Src/stm32f4xx_ll_dma.d" -MT"Drivers/STM32F4xx_HAL_Driver/Src/stm32f4xx_ll_dma.o" --specs=nano.specs -mfpu=fpv4-sp-d16 -mfloat-abi=hard -mthumb -o "Drivers/STM32F4xx_HAL_Driver/Src/stm32f4xx_ll_dma.o"
arm-none-eabi-gcc "../Drivers/STM32F4xx_HAL_Driver/Src/stm32f4xx_ll_dma2d.c" -mcpu=cortex-m4 -std=gnu11 -g3 -DDEBUG -DSTM32 -DSTM32F429ZITx -DSTM32F4 -DNUCLEO_F429ZI -DUSE_HAL_DRIVER -DSTM32F429xx -c -I../Inc -I"/home/pato/Embebidos/CESE/PdM_workspace/Ej2_uart/Drivers/STM32F4xx_HAL_Driver/Inc" -I"/home/pato/Embebidos/CESE/PdM_workspace/Ej2_uart/Drivers/CMSIS/Include" -I"/home/pato/Embebidos/CESE/PdM_workspace/Ej2_uart/Drivers/CMSIS/Device/ST/STM32F4xx/Include" -I"/home/pato/Embebidos/CESE/PdM_workspace/Ej2_uart/Drivers/BSP/STM32F4xx_Nucleo_144" -I"/home/pato/Embebidos/CESE/PdM_workspace/Ej2_uart/Drivers/Core/Inc" -O0 -ffunction-sections -fdata-sections -Wall -fstack-usage -MMD -MP -MF"Drivers/STM32F4xx_HAL_Driver/Src/stm32f4xx_ll_dma2d.d" -MT"Drivers/STM32F4xx_HAL_Driver/Src/stm32f4xx_ll_dma2d.o" --specs=nano.specs -mfpu=fpv4-sp-d16 -mfloat-abi=hard -mthumb -o "Drivers/STM32F4xx_HAL_Driver/Src/stm32f4xx_ll_dma2d.o"
arm-none-eabi-gcc "../Drivers/STM32F4xx_HAL_Driver/Src/stm32f4xx_ll_exti.c" -mcpu=cortex-m4 -std=gnu11 -g3 -DDEBUG -DSTM32 -DSTM32F429ZITx -DSTM32F4 -DNUCLEO_F429ZI -DUSE_HAL_DRIVER -DSTM32F429xx -c -I../Inc -I"/home/pato/Embebidos/CESE/PdM_workspace/Ej2_uart/Drivers/STM32F4xx_HAL_Driver/Inc" -I"/home/pato/Embebidos/CESE/PdM_workspace/Ej2_uart/Drivers/CMSIS/Include" -I"/home/pato/Embebidos/CESE/PdM_workspace/Ej2_uart/Drivers/CMSIS/Device/ST/STM32F4xx/Include" -I"/home/pato/Embebidos/CESE/PdM_workspace/Ej2_uart/Drivers/BSP/STM32F4xx_Nucleo_144" -I"/home/pato/Embebidos/CESE/PdM_workspace/Ej2_uart/Drivers/Core/Inc" -O0 -ffunction-sections -fdata-sections -Wall -fstack-usage -MMD -MP -MF"Drivers/STM32F4xx_HAL_Driver/Src/stm32f4xx_ll_exti.d" -MT"Drivers/STM32F4xx_HAL_Driver/Src/stm32f4xx_ll_exti.o" --specs=nano.specs -mfpu=fpv4-sp-d16 -mfloat-abi=hard -mthumb -o "Drivers/STM32F4xx_HAL_Driver/Src/stm32f4xx_ll_exti.o"
arm-none-eabi-gcc "../Drivers/STM32F4xx_HAL_Driver/Src/stm32f4xx_ll_fmc.c" -mcpu=cortex-m4 -std=gnu11 -g3 -DDEBUG -DSTM32 -DSTM32F429ZITx -DSTM32F4 -DNUCLEO_F429ZI -DUSE_HAL_DRIVER -DSTM32F429xx -c -I../Inc -I"/home/pato/Embebidos/CESE/PdM_workspace/Ej2_uart/Drivers/STM32F4xx_HAL_Driver/Inc" -I"/home/pato/Embebidos/CESE/PdM_workspace/Ej2_uart/Drivers/CMSIS/Include" -I"/home/pato/Embebidos/CESE/PdM_workspace/Ej2_uart/Drivers/CMSIS/Device/ST/STM32F4xx/Include" -I"/home/pato/Embebidos/CESE/PdM_workspace/Ej2_uart/Drivers/BSP/STM32F4xx_Nucleo_144" -I"/home/pato/Embebidos/CESE/PdM_workspace/Ej2_uart/Drivers/Core/Inc" -O0 -ffunction-sections -fdata-sections -Wall -fstack-usage -MMD -MP -MF"Drivers/STM32F4xx_HAL_Driver/Src/stm32f4xx_ll_fmc.d" -MT"Drivers/STM32F4xx_HAL_Driver/Src/stm32f4xx_ll_fmc.o" --specs=nano.specs -mfpu=fpv4-sp-d16 -mfloat-abi=hard -mthumb -o "Drivers/STM32F4xx_HAL_Driver/Src/stm32f4xx_ll_fmc.o"
arm-none-eabi-gcc "../Drivers/STM32F4xx_HAL_Driver/Src/stm32f4xx_ll_fmpi2c.c" -mcpu=cortex-m4 -std=gnu11 -g3 -DDEBUG -DSTM32 -DSTM32F429ZITx -DSTM32F4 -DNUCLEO_F429ZI -DUSE_HAL_DRIVER -DSTM32F429xx -c -I../Inc -I"/home/pato/Embebidos/CESE/PdM_workspace/Ej2_uart/Drivers/STM32F4xx_HAL_Driver/Inc" -I"/home/pato/Embebidos/CESE/PdM_workspace/Ej2_uart/Drivers/CMSIS/Include" -I"/home/pato/Embebidos/CESE/PdM_workspace/Ej2_uart/Drivers/CMSIS/Device/ST/STM32F4xx/Include" -I"/home/pato/Embebidos/CESE/PdM_workspace/Ej2_uart/Drivers/BSP/STM32F4xx_Nucleo_144" -I"/home/pato/Embebidos/CESE/PdM_workspace/Ej2_uart/Drivers/Core/Inc" -O0 -ffunction-sections -fdata-sections -Wall -fstack-usage -MMD -MP -MF"Drivers/STM32F4xx_HAL_Driver/Src/stm32f4xx_ll_fmpi2c.d" -MT"Drivers/STM32F4xx_HAL_Driver/Src/stm32f4xx_ll_fmpi2c.o" --specs=nano.specs -mfpu=fpv4-sp-d16 -mfloat-abi=hard -mthumb -o "Drivers/STM32F4xx_HAL_Driver/Src/stm32f4xx_ll_fmpi2c.o"
arm-none-eabi-gcc "../Drivers/STM32F4xx_HAL_Driver/Src/stm32f4xx_ll_fsmc.c" -mcpu=cortex-m4 -std=gnu11 -g3 -DDEBUG -DSTM32 -DSTM32F429ZITx -DSTM32F4 -DNUCLEO_F429ZI -DUSE_HAL_DRIVER -DSTM32F429xx -c -I../Inc -I"/home/pato/Embebidos/CESE/PdM_workspace/Ej2_uart/Drivers/STM32F4xx_HAL_Driver/Inc" -I"/home/pato/Embebidos/CESE/PdM_workspace/Ej2_uart/Drivers/CMSIS/Include" -I"/home/pato/Embebidos/CESE/PdM_workspace/Ej2_uart/Drivers/CMSIS/Device/ST/STM32F4xx/Include" -I"/home/pato/Embebidos/CESE/PdM_workspace/Ej2_uart/Drivers/BSP/STM32F4xx_Nucleo_144" -I"/home/pato/Embebidos/CESE/PdM_workspace/Ej2_uart/Drivers/Core/Inc" -O0 -ffunction-sections -fdata-sections -Wall -fstack-usage -MMD -MP -MF"Drivers/STM32F4xx_HAL_Driver/Src/stm32f4xx_ll_fsmc.d" -MT"Drivers/STM32F4xx_HAL_Driver/Src/stm32f4xx_ll_fsmc.o" --specs=nano.specs -mfpu=fpv4-sp-d16 -mfloat-abi=hard -mthumb -o "Drivers/STM32F4xx_HAL_Driver/Src/stm32f4xx_ll_fsmc.o"
arm-none-eabi-gcc "../Drivers/STM32F4xx_HAL_Driver/Src/stm32f4xx_ll_gpio.c" -mcpu=cortex-m4 -std=gnu11 -g3 -DDEBUG -DSTM32 -DSTM32F429ZITx -DSTM32F4 -DNUCLEO_F429ZI -DUSE_HAL_DRIVER -DSTM32F429xx -c -I../Inc -I"/home/pato/Embebidos/CESE/PdM_workspace/Ej2_uart/Drivers/STM32F4xx_HAL_Driver/Inc" -I"/home/pato/Embebidos/CESE/PdM_workspace/Ej2_uart/Drivers/CMSIS/Include" -I"/home/pato/Embebidos/CESE/PdM_workspace/Ej2_uart/Drivers/CMSIS/Device/ST/STM32F4xx/Include" -I"/home/pato/Embebidos/CESE/PdM_workspace/Ej2_uart/Drivers/BSP/STM32F4xx_Nucleo_144" -I"/home/pato/Embebidos/CESE/PdM_workspace/Ej2_uart/Drivers/Core/Inc" -O0 -ffunction-sections -fdata-sections -Wall -fstack-usage -MMD -MP -MF"Drivers/STM32F4xx_HAL_Driver/Src/stm32f4xx_ll_gpio.d" -MT"Drivers/STM32F4xx_HAL_Driver/Src/stm32f4xx_ll_gpio.o" --specs=nano.specs -mfpu=fpv4-sp-d16 -mfloat-abi=hard -mthumb -o "Drivers/STM32F4xx_HAL_Driver/Src/stm32f4xx_ll_gpio.o"
arm-none-eabi-gcc "../Drivers/STM32F4xx_HAL_Driver/Src/stm32f4xx_ll_i2c.c" -mcpu=cortex-m4 -std=gnu11 -g3 -DDEBUG -DSTM32 -DSTM32F429ZITx -DSTM32F4 -DNUCLEO_F429ZI -DUSE_HAL_DRIVER -DSTM32F429xx -c -I../Inc -I"/home/pato/Embebidos/CESE/PdM_workspace/Ej2_uart/Drivers/STM32F4xx_HAL_Driver/Inc" -I"/home/pato/Embebidos/CESE/PdM_workspace/Ej2_uart/Drivers/CMSIS/Include" -I"/home/pato/Embebidos/CESE/PdM_workspace/Ej2_uart/Drivers/CMSIS/Device/ST/STM32F4xx/Include" -I"/home/pato/Embebidos/CESE/PdM_workspace/Ej2_uart/Drivers/BSP/STM32F4xx_Nucleo_144" -I"/home/pato/Embebidos/CESE/PdM_workspace/Ej2_uart/Drivers/Core/Inc" -O0 -ffunction-sections -fdata-sections -Wall -fstack-usage -MMD -MP -MF"Drivers/STM32F4xx_HAL_Driver/Src/stm32f4xx_ll_i2c.d" -MT"Drivers/STM32F4xx_HAL_Driver/Src/stm32f4xx_ll_i2c.o" --specs=nano.specs -mfpu=fpv4-sp-d16 -mfloat-abi=hard -mthumb -o "Drivers/STM32F4xx_HAL_Driver/Src/stm32f4xx_ll_i2c.o"
arm-none-eabi-gcc "../Drivers/STM32F4xx_HAL_Driver/Src/stm32f4xx_ll_lptim.c" -mcpu=cortex-m4 -std=gnu11 -g3 -DDEBUG -DSTM32 -DSTM32F429ZITx -DSTM32F4 -DNUCLEO_F429ZI -DUSE_HAL_DRIVER -DSTM32F429xx -c -I../Inc -I"/home/pato/Embebidos/CESE/PdM_workspace/Ej2_uart/Drivers/STM32F4xx_HAL_Driver/Inc" -I"/home/pato/Embebidos/CESE/PdM_workspace/Ej2_uart/Drivers/CMSIS/Include" -I"/home/pato/Embebidos/CESE/PdM_workspace/Ej2_uart/Drivers/CMSIS/Device/ST/STM32F4xx/Include" -I"/home/pato/Embebidos/CESE/PdM_workspace/Ej2_uart/Drivers/BSP/STM32F4xx_Nucleo_144" -I"/home/pato/Embebidos/CESE/PdM_workspace/Ej2_uart/Drivers/Core/Inc" -O0 -ffunction-sections -fdata-sections -Wall -fstack-usage -MMD -MP -MF"Drivers/STM32F4xx_HAL_Driver/Src/stm32f4xx_ll_lptim.d" -MT"Drivers/STM32F4xx_HAL_Driver/Src/stm32f4xx_ll_lptim.o" --specs=nano.specs -mfpu=fpv4-sp-d16 -mfloat-abi=hard -mthumb -o "Drivers/STM32F4xx_HAL_Driver/Src/stm32f4xx_ll_lptim.o"
arm-none-eabi-gcc "../Drivers/STM32F4xx_HAL_Driver/Src/stm32f4xx_ll_pwr.c" -mcpu=cortex-m4 -std=gnu11 -g3 -DDEBUG -DSTM32 -DSTM32F429ZITx -DSTM32F4 -DNUCLEO_F429ZI -DUSE_HAL_DRIVER -DSTM32F429xx -c -I../Inc -I"/home/pato/Embebidos/CESE/PdM_workspace/Ej2_uart/Drivers/STM32F4xx_HAL_Driver/Inc" -I"/home/pato/Embebidos/CESE/PdM_workspace/Ej2_uart/Drivers/CMSIS/Include" -I"/home/pato/Embebidos/CESE/PdM_workspace/Ej2_uart/Drivers/CMSIS/Device/ST/STM32F4xx/Include" -I"/home/pato/Embebidos/CESE/PdM_workspace/Ej2_uart/Drivers/BSP/STM32F4xx_Nucleo_144" -I"/home/pato/Embebidos/CESE/PdM_workspace/Ej2_uart/Drivers/Core/Inc" -O0 -ffunction-sections -fdata-sections -Wall -fstack-usage -MMD -MP -MF"Drivers/STM32F4xx_HAL_Driver/Src/stm32f4xx_ll_pwr.d" -MT"Drivers/STM32F4xx_HAL_Driver/Src/stm32f4xx_ll_pwr.o" --specs=nano.specs -mfpu=fpv4-sp-d16 -mfloat-abi=hard -mthumb -o "Drivers/STM32F4xx_HAL_Driver/Src/stm32f4xx_ll_pwr.o"
arm-none-eabi-gcc "../Drivers/STM32F4xx_HAL_Driver/Src/stm32f4xx_ll_rcc.c" -mcpu=cortex-m4 -std=gnu11 -g3 -DDEBUG -DSTM32 -DSTM32F429ZITx -DSTM32F4 -DNUCLEO_F429ZI -DUSE_HAL_DRIVER -DSTM32F429xx -c -I../Inc -I"/home/pato/Embebidos/CESE/PdM_workspace/Ej2_uart/Drivers/STM32F4xx_HAL_Driver/Inc" -I"/home/pato/Embebidos/CESE/PdM_workspace/Ej2_uart/Drivers/CMSIS/Include" -I"/home/pato/Embebidos/CESE/PdM_workspace/Ej2_uart/Drivers/CMSIS/Device/ST/STM32F4xx/Include" -I"/home/pato/Embebidos/CESE/PdM_workspace/Ej2_uart/Drivers/BSP/STM32F4xx_Nucleo_144" -I"/home/pato/Embebidos/CESE/PdM_workspace/Ej2_uart/Drivers/Core/Inc" -O0 -ffunction-sections -fdata-sections -Wall -fstack-usage -MMD -MP -MF"Drivers/STM32F4xx_HAL_Driver/Src/stm32f4xx_ll_rcc.d" -MT"Drivers/STM32F4xx_HAL_Driver/Src/stm32f4xx_ll_rcc.o" --specs=nano.specs -mfpu=fpv4-sp-d16 -mfloat-abi=hard -mthumb -o "Drivers/STM32F4xx_HAL_Driver/Src/stm32f4xx_ll_rcc.o"
arm-none-eabi-gcc "../Drivers/STM32F4xx_HAL_Driver/Src/stm32f4xx_ll_rng.c" -mcpu=cortex-m4 -std=gnu11 -g3 -DDEBUG -DSTM32 -DSTM32F429ZITx -DSTM32F4 -DNUCLEO_F429ZI -DUSE_HAL_DRIVER -DSTM32F429xx -c -I../Inc -I"/home/pato/Embebidos/CESE/PdM_workspace/Ej2_uart/Drivers/STM32F4xx_HAL_Driver/Inc" -I"/home/pato/Embebidos/CESE/PdM_workspace/Ej2_uart/Drivers/CMSIS/Include" -I"/home/pato/Embebidos/CESE/PdM_workspace/Ej2_uart/Drivers/CMSIS/Device/ST/STM32F4xx/Include" -I"/home/pato/Embebidos/CESE/PdM_workspace/Ej2_uart/Drivers/BSP/STM32F4xx_Nucleo_144" -I"/home/pato/Embebidos/CESE/PdM_workspace/Ej2_uart/Drivers/Core/Inc" -O0 -ffunction-sections -fdata-sections -Wall -fstack-usage -MMD -MP -MF"Drivers/STM32F4xx_HAL_Driver/Src/stm32f4xx_ll_rng.d" -MT"Drivers/STM32F4xx_HAL_Driver/Src/stm32f4xx_ll_rng.o" --specs=nano.specs -mfpu=fpv4-sp-d16 -mfloat-abi=hard -mthumb -o "Drivers/STM32F4xx_HAL_Driver/Src/stm32f4xx_ll_rng.o"
arm-none-eabi-gcc "../Drivers/STM32F4xx_HAL_Driver/Src/stm32f4xx_ll_rtc.c" -mcpu=cortex-m4 -std=gnu11 -g3 -DDEBUG -DSTM32 -DSTM32F429ZITx -DSTM32F4 -DNUCLEO_F429ZI -DUSE_HAL_DRIVER -DSTM32F429xx -c -I../Inc -I"/home/pato/Embebidos/CESE/PdM_workspace/Ej2_uart/Drivers/STM32F4xx_HAL_Driver/Inc" -I"/home/pato/Embebidos/CESE/PdM_workspace/Ej2_uart/Drivers/CMSIS/Include" -I"/home/pato/Embebidos/CESE/PdM_workspace/Ej2_uart/Drivers/CMSIS/Device/ST/STM32F4xx/Include" -I"/home/pato/Embebidos/CESE/PdM_workspace/Ej2_uart/Drivers/BSP/STM32F4xx_Nucleo_144" -I"/home/pato/Embebidos/CESE/PdM_workspace/Ej2_uart/Drivers/Core/Inc" -O0 -ffunction-sections -fdata-sections -Wall -fstack-usage -MMD -MP -MF"Drivers/STM32F4xx_HAL_Driver/Src/stm32f4xx_ll_rtc.d" -MT"Drivers/STM32F4xx_HAL_Driver/Src/stm32f4xx_ll_rtc.o" --specs=nano.specs -mfpu=fpv4-sp-d16 -mfloat-abi=hard -mthumb -o "Drivers/STM32F4xx_HAL_Driver/Src/stm32f4xx_ll_rtc.o"
arm-none-eabi-gcc "../Drivers/STM32F4xx_HAL_Driver/Src/stm32f4xx_ll_sdmmc.c" -mcpu=cortex-m4 -std=gnu11 -g3 -DDEBUG -DSTM32 -DSTM32F429ZITx -DSTM32F4 -DNUCLEO_F429ZI -DUSE_HAL_DRIVER -DSTM32F429xx -c -I../Inc -I"/home/pato/Embebidos/CESE/PdM_workspace/Ej2_uart/Drivers/STM32F4xx_HAL_Driver/Inc" -I"/home/pato/Embebidos/CESE/PdM_workspace/Ej2_uart/Drivers/CMSIS/Include" -I"/home/pato/Embebidos/CESE/PdM_workspace/Ej2_uart/Drivers/CMSIS/Device/ST/STM32F4xx/Include" -I"/home/pato/Embebidos/CESE/PdM_workspace/Ej2_uart/Drivers/BSP/STM32F4xx_Nucleo_144" -I"/home/pato/Embebidos/CESE/PdM_workspace/Ej2_uart/Drivers/Core/Inc" -O0 -ffunction-sections -fdata-sections -Wall -fstack-usage -MMD -MP -MF"Drivers/STM32F4xx_HAL_Driver/Src/stm32f4xx_ll_sdmmc.d" -MT"Drivers/STM32F4xx_HAL_Driver/Src/stm32f4xx_ll_sdmmc.o" --specs=nano.specs -mfpu=fpv4-sp-d16 -mfloat-abi=hard -mthumb -o "Drivers/STM32F4xx_HAL_Driver/Src/stm32f4xx_ll_sdmmc.o"
arm-none-eabi-gcc "../Drivers/STM32F4xx_HAL_Driver/Src/stm32f4xx_ll_spi.c" -mcpu=cortex-m4 -std=gnu11 -g3 -DDEBUG -DSTM32 -DSTM32F429ZITx -DSTM32F4 -DNUCLEO_F429ZI -DUSE_HAL_DRIVER -DSTM32F429xx -c -I../Inc -I"/home/pato/Embebidos/CESE/PdM_workspace/Ej2_uart/Drivers/STM32F4xx_HAL_Driver/Inc" -I"/home/pato/Embebidos/CESE/PdM_workspace/Ej2_uart/Drivers/CMSIS/Include" -I"/home/pato/Embebidos/CESE/PdM_workspace/Ej2_uart/Drivers/CMSIS/Device/ST/STM32F4xx/Include" -I"/home/pato/Embebidos/CESE/PdM_workspace/Ej2_uart/Drivers/BSP/STM32F4xx_Nucleo_144" -I"/home/pato/Embebidos/CESE/PdM_workspace/Ej2_uart/Drivers/Core/Inc" -O0 -ffunction-sections -fdata-sections -Wall -fstack-usage -MMD -MP -MF"Drivers/STM32F4xx_HAL_Driver/Src/stm32f4xx_ll_spi.d" -MT"Drivers/STM32F4xx_HAL_Driver/Src/stm32f4xx_ll_spi.o" --specs=nano.specs -mfpu=fpv4-sp-d16 -mfloat-abi=hard -mthumb -o "Drivers/STM32F4xx_HAL_Driver/Src/stm32f4xx_ll_spi.o"
arm-none-eabi-gcc "../Drivers/STM32F4xx_HAL_Driver/Src/stm32f4xx_ll_tim.c" -mcpu=cortex-m4 -std=gnu11 -g3 -DDEBUG -DSTM32 -DSTM32F429ZITx -DSTM32F4 -DNUCLEO_F429ZI -DUSE_HAL_DRIVER -DSTM32F429xx -c -I../Inc -I"/home/pato/Embebidos/CESE/PdM_workspace/Ej2_uart/Drivers/STM32F4xx_HAL_Driver/Inc" -I"/home/pato/Embebidos/CESE/PdM_workspace/Ej2_uart/Drivers/CMSIS/Include" -I"/home/pato/Embebidos/CESE/PdM_workspace/Ej2_uart/Drivers/CMSIS/Device/ST/STM32F4xx/Include" -I"/home/pato/Embebidos/CESE/PdM_workspace/Ej2_uart/Drivers/BSP/STM32F4xx_Nucleo_144" -I"/home/pato/Embebidos/CESE/PdM_workspace/Ej2_uart/Drivers/Core/Inc" -O0 -ffunction-sections -fdata-sections -Wall -fstack-usage -MMD -MP -MF"Drivers/STM32F4xx_HAL_Driver/Src/stm32f4xx_ll_tim.d" -MT"Drivers/STM32F4xx_HAL_Driver/Src/stm32f4xx_ll_tim.o" --specs=nano.specs -mfpu=fpv4-sp-d16 -mfloat-abi=hard -mthumb -o "Drivers/STM32F4xx_HAL_Driver/Src/stm32f4xx_ll_tim.o"
arm-none-eabi-gcc "../Drivers/STM32F4xx_HAL_Driver/Src/stm32f4xx_ll_usart.c" -mcpu=cortex-m4 -std=gnu11 -g3 -DDEBUG -DSTM32 -DSTM32F429ZITx -DSTM32F4 -DNUCLEO_F429ZI -DUSE_HAL_DRIVER -DSTM32F429xx -c -I../Inc -I"/home/pato/Embebidos/CESE/PdM_workspace/Ej2_uart/Drivers/STM32F4xx_HAL_Driver/Inc" -I"/home/pato/Embebidos/CESE/PdM_workspace/Ej2_uart/Drivers/CMSIS/Include" -I"/home/pato/Embebidos/CESE/PdM_workspace/Ej2_uart/Drivers/CMSIS/Device/ST/STM32F4xx/Include" -I"/home/pato/Embebidos/CESE/PdM_workspace/Ej2_uart/Drivers/BSP/STM32F4xx_Nucleo_144" -I"/home/pato/Embebidos/CESE/PdM_workspace/Ej2_uart/Drivers/Core/Inc" -O0 -ffunction-sections -fdata-sections -Wall -fstack-usage -MMD -MP -MF"Drivers/STM32F4xx_HAL_Driver/Src/stm32f4xx_ll_usart.d" -MT"Drivers/STM32F4xx_HAL_Driver/Src/stm32f4xx_ll_usart.o" --specs=nano.specs -mfpu=fpv4-sp-d16 -mfloat-abi=hard -mthumb -o "Drivers/STM32F4xx_HAL_Driver/Src/stm32f4xx_ll_usart.o"
arm-none-eabi-gcc "../Drivers/STM32F4xx_HAL_Driver/Src/stm32f4xx_ll_usb.c" -mcpu=cortex-m4 -std=gnu11 -g3 -DDEBUG -DSTM32 -DSTM32F429ZITx -DSTM32F4 -DNUCLEO_F429ZI -DUSE_HAL_DRIVER -DSTM32F429xx -c -I../Inc -I"/home/pato/Embebidos/CESE/PdM_workspace/Ej2_uart/Drivers/STM32F4xx_HAL_Driver/Inc" -I"/home/pato/Embebidos/CESE/PdM_workspace/Ej2_uart/Drivers/CMSIS/Include" -I"/home/pato/Embebidos/CESE/PdM_workspace/Ej2_uart/Drivers/CMSIS/Device/ST/STM32F4xx/Include" -I"/home/pato/Embebidos/CESE/PdM_workspace/Ej2_uart/Drivers/BSP/STM32F4xx_Nucleo_144" -I"/home/pato/Embebidos/CESE/PdM_workspace/Ej2_uart/Drivers/Core/Inc" -O0 -ffunction-sections -fdata-sections -Wall -fstack-usage -MMD -MP -MF"Drivers/STM32F4xx_HAL_Driver/Src/stm32f4xx_ll_usb.d" -MT"Drivers/STM32F4xx_HAL_Driver/Src/stm32f4xx_ll_usb.o" --specs=nano.specs -mfpu=fpv4-sp-d16 -mfloat-abi=hard -mthumb -o "Drivers/STM32F4xx_HAL_Driver/Src/stm32f4xx_ll_usb.o"
arm-none-eabi-gcc "../Drivers/STM32F4xx_HAL_Driver/Src/stm32f4xx_ll_utils.c" -mcpu=cortex-m4 -std=gnu11 -g3 -DDEBUG -DSTM32 -DSTM32F429ZITx -DSTM32F4 -DNUCLEO_F429ZI -DUSE_HAL_DRIVER -DSTM32F429xx -c -I../Inc -I"/home/pato/Embebidos/CESE/PdM_workspace/Ej2_uart/Drivers/STM32F4xx_HAL_Driver/Inc" -I"/home/pato/Embebidos/CESE/PdM_workspace/Ej2_uart/Drivers/CMSIS/Include" -I"/home/pato/Embebidos/CESE/PdM_workspace/Ej2_uart/Drivers/CMSIS/Device/ST/STM32F4xx/Include" -I"/home/pato/Embebidos/CESE/PdM_workspace/Ej2_uart/Drivers/BSP/STM32F4xx_Nucleo_144" -I"/home/pato/Embebidos/CESE/PdM_workspace/Ej2_uart/Drivers/Core/Inc" -O0 -ffunction-sections -fdata-sections -Wall -fstack-usage -MMD -MP -MF"Drivers/STM32F4xx_HAL_Driver/Src/stm32f4xx_ll_utils.d" -MT"Drivers/STM32F4xx_HAL_Driver/Src/stm32f4xx_ll_utils.o" --specs=nano.specs -mfpu=fpv4-sp-d16 -mfloat-abi=hard -mthumb -o "Drivers/STM32F4xx_HAL_Driver/Src/stm32f4xx_ll_utils.o"
arm-none-eabi-gcc "../Drivers/Core/Src/stm32f4xx_it.c" -mcpu=cortex-m4 -std=gnu11 -g3 -DDEBUG -DSTM32 -DSTM32F429ZITx -DSTM32F4 -DNUCLEO_F429ZI -DUSE_HAL_DRIVER -DSTM32F429xx -c -I../Inc -I"/home/pato/Embebidos/CESE/PdM_workspace/Ej2_uart/Drivers/STM32F4xx_HAL_Driver/Inc" -I"/home/pato/Embebidos/CESE/PdM_workspace/Ej2_uart/Drivers/CMSIS/Include" -I"/home/pato/Embebidos/CESE/PdM_workspace/Ej2_uart/Drivers/CMSIS/Device/ST/STM32F4xx/Include" -I"/home/pato/Embebidos/CESE/PdM_workspace/Ej2_uart/Drivers/BSP/STM32F4xx_Nucleo_144" -I"/home/pato/Embebidos/CESE/PdM_workspace/Ej2_uart/Drivers/Core/Inc" -O0 -ffunction-sections -fdata-sections -Wall -fstack-usage -MMD -MP -MF"Drivers/Core/Src/stm32f4xx_it.d" -MT"Drivers/Core/Src/stm32f4xx_it.o" --specs=nano.specs -mfpu=fpv4-sp-d16 -mfloat-abi=hard -mthumb -o "Drivers/Core/Src/stm32f4xx_it.o"
arm-none-eabi-gcc "../Drivers/Core/Src/syscalls.c" -mcpu=cortex-m4 -std=gnu11 -g3 -DDEBUG -DSTM32 -DSTM32F429ZITx -DSTM32F4 -DNUCLEO_F429ZI -DUSE_HAL_DRIVER -DSTM32F429xx -c -I../Inc -I"/home/pato/Embebidos/CESE/PdM_workspace/Ej2_uart/Drivers/STM32F4xx_HAL_Driver/Inc" -I"/home/pato/Embebidos/CESE/PdM_workspace/Ej2_uart/Drivers/CMSIS/Include" -I"/home/pato/Embebidos/CESE/PdM_workspace/Ej2_uart/Drivers/CMSIS/Device/ST/STM32F4xx/Include" -I"/home/pato/Embebidos/CESE/PdM_workspace/Ej2_uart/Drivers/BSP/STM32F4xx_Nucleo_144" -I"/home/pato/Embebidos/CESE/PdM_workspace/Ej2_uart/Drivers/Core/Inc" -O0 -ffunction-sections -fdata-sections -Wall -fstack-usage -MMD -MP -MF"Drivers/Core/Src/syscalls.d" -MT"Drivers/Core/Src/syscalls.o" --specs=nano.specs -mfpu=fpv4-sp-d16 -mfloat-abi=hard -mthumb -o "Drivers/Core/Src/syscalls.o"
arm-none-eabi-gcc "../Drivers/Core/Src/sysmem.c" -mcpu=cortex-m4 -std=gnu11 -g3 -DDEBUG -DSTM32 -DSTM32F429ZITx -DSTM32F4 -DNUCLEO_F429ZI -DUSE_HAL_DRIVER -DSTM32F429xx -c -I../Inc -I"/home/pato/Embebidos/CESE/PdM_workspace/Ej2_uart/Drivers/STM32F4xx_HAL_Driver/Inc" -I"/home/pato/Embebidos/CESE/PdM_workspace/Ej2_uart/Drivers/CMSIS/Include" -I"/home/pato/Embebidos/CESE/PdM_workspace/Ej2_uart/Drivers/CMSIS/Device/ST/STM32F4xx/Include" -I"/home/pato/Embebidos/CESE/PdM_workspace/Ej2_uart/Drivers/BSP/STM32F4xx_Nucleo_144" -I"/home/pato/Embebidos/CESE/PdM_workspace/Ej2_uart/Drivers/Core/Inc" -O0 -ffunction-sections -fdata-sections -Wall -fstack-usage -MMD -MP -MF"Drivers/Core/Src/sysmem.d" -MT"Drivers/Core/Src/sysmem.o" --specs=nano.specs -mfpu=fpv4-sp-d16 -mfloat-abi=hard -mthumb -o "Drivers/Core/Src/sysmem.o"
arm-none-eabi-gcc "../Drivers/CMSIS/system_stm32f4xx.c" -mcpu=cortex-m4 -std=gnu11 -g3 -DDEBUG -DSTM32 -DSTM32F429ZITx -DSTM32F4 -DNUCLEO_F429ZI -DUSE_HAL_DRIVER -DSTM32F429xx -c -I../Inc -I"/home/pato/Embebidos/CESE/PdM_workspace/Ej2_uart/Drivers/STM32F4xx_HAL_Driver/Inc" -I"/home/pato/Embebidos/CESE/PdM_workspace/Ej2_uart/Drivers/CMSIS/Include" -I"/home/pato/Embebidos/CESE/PdM_workspace/Ej2_uart/Drivers/CMSIS/Device/ST/STM32F4xx/Include" -I"/home/pato/Embebidos/CESE/PdM_workspace/Ej2_uart/Drivers/BSP/STM32F4xx_Nucleo_144" -I"/home/pato/Embebidos/CESE/PdM_workspace/Ej2_uart/Drivers/Core/Inc" -O0 -ffunction-sections -fdata-sections -Wall -fstack-usage -MMD -MP -MF"Drivers/CMSIS/system_stm32f4xx.d" -MT"Drivers/CMSIS/system_stm32f4xx.o" --specs=nano.specs -mfpu=fpv4-sp-d16 -mfloat-abi=hard -mthumb -o "Drivers/CMSIS/system_stm32f4xx.o"
arm-none-eabi-gcc "../Drivers/BSP/STM32F4xx_Nucleo_144/stm32f4xx_nucleo_144.c" -mcpu=cortex-m4 -std=gnu11 -g3 -DDEBUG -DSTM32 -DSTM32F429ZITx -DSTM32F4 -DNUCLEO_F429ZI -DUSE_HAL_DRIVER -DSTM32F429xx -c -I../Inc -I"/home/pato/Embebidos/CESE/PdM_workspace/Ej2_uart/Drivers/STM32F4xx_HAL_Driver/Inc" -I"/home/pato/Embebidos/CESE/PdM_workspace/Ej2_uart/Drivers/CMSIS/Include" -I"/home/pato/Embebidos/CESE/PdM_workspace/Ej2_uart/Drivers/CMSIS/Device/ST/STM32F4xx/Include" -I"/home/pato/Embebidos/CESE/PdM_workspace/Ej2_uart/Drivers/BSP/STM32F4xx_Nucleo_144" -I"/home/pato/Embebidos/CESE/PdM_workspace/Ej2_uart/Drivers/Core/Inc" -O0 -ffunction-sections -fdata-sections -Wall -fstack-usage -MMD -MP -MF"Drivers/BSP/STM32F4xx_Nucleo_144/stm32f4xx_nucleo_144.d" -MT"Drivers/BSP/STM32F4xx_Nucleo_144/stm32f4xx_nucleo_144.o" --specs=nano.specs -mfpu=fpv4-sp-d16 -mfloat-abi=hard -mthumb -o "Drivers/BSP/STM32F4xx_Nucleo_144/stm32f4xx_nucleo_144.o"
arm-none-eabi-gcc -o "Ej2_uart.elf" @"objects.list"   -mcpu=cortex-m4 -T"/home/pato/Embebidos/CESE/PdM_workspace/Ej2_uart/STM32F429ZITX_FLASH.ld" --specs=nosys.specs -Wl,-Map="Ej2_uart.map" -Wl,--gc-sections -static --specs=nano.specs -mfpu=fpv4-sp-d16 -mfloat-abi=hard -mthumb -Wl,--start-group -lc -lm -Wl,--end-group
Finished building target: Ej2_uart.elf
 
arm-none-eabi-size   Ej2_uart.elf 
arm-none-eabi-objdump -h -S  Ej2_uart.elf  > "Ej2_uart.list"
arm-none-eabi-objcopy  -O binary  Ej2_uart.elf  "Ej2_uart.bin"
   text	   data	    bss	    dec	    hex	filename
  12620	    132	   1668	  14420	   3854	Ej2_uart.elf
Finished building: default.size.stdout
 
Finished building: Ej2_uart.bin
 
Finished building: Ej2_uart.list
 

15:34:36 Build Finished. 0 errors, 0 warnings. (took 10s.449ms)

