15:19:13 **** Incremental Build of configuration Debug for project Practica-4 ****
make -j9 all 
arm-none-eabi-gcc "../Core/Src/main.c" -mcpu=cortex-m4 -std=gnu11 -g3 -DDEBUG -DUSE_HAL_DRIVER -DSTM32F401xE -c -I../Core/Inc -I../Drivers/STM32F4xx_HAL_Driver/Inc -I../Drivers/STM32F4xx_HAL_Driver/Inc/Legacy -I../Drivers/CMSIS/Device/ST/STM32F4xx/Include -I../Drivers/CMSIS/Include -I"/Users/santiagobualo/Documents/SBualo-CESE/Programación de Microcontroladores/Practica 4/Drivers/API/Inc" -O0 -ffunction-sections -fdata-sections -Wall -fstack-usage -fcyclomatic-complexity -MMD -MP -MF"Core/Src/main.d" -MT"Core/Src/main.o" --specs=nano.specs -mfpu=fpv4-sp-d16 -mfloat-abi=hard -mthumb -o "Core/Src/main.o"
arm-none-eabi-gcc -o "Practica-4.elf" @"objects.list"   -mcpu=cortex-m4 -T"/Users/santiagobualo/Documents/SBualo-CESE/Programación de Microcontroladores/Practica 4/STM32F401RETX_FLASH.ld" --specs=nosys.specs -Wl,-Map="Practica-4.map" -Wl,--gc-sections -static --specs=nano.specs -mfpu=fpv4-sp-d16 -mfloat-abi=hard -mthumb -Wl,--start-group -lc -lm -Wl,--end-group
Finished building target: Practica-4.elf
 
arm-none-eabi-size   Practica-4.elf 
arm-none-eabi-objdump -h -S  Practica-4.elf  > "Practica-4.list"
   text	   data	    bss	    dec	    hex	filename
   8312	     24	   1664	  10000	   2710	Practica-4.elf
Finished building: default.size.stdout
 
Finished building: Practica-4.list
 
15:19:17 **** Incremental Build of configuration Debug for project Practica-4 ****
make -j9 all 
arm-none-eabi-size   Practica-4.elf 
   text	   data	    bss	    dec	    hex	filename
   8312	     24	   1664	  10000	   2710	Practica-4.elf
Finished building: default.size.stdout
 
