19:40:11 **** Incremental Build of configuration Debug for project TestProject ****
make -j9 all 
arm-none-eabi-gcc "../Core/Src/Led.c" -mcpu=cortex-m4 -std=gnu11 -g3 -DDEBUG -DUSE_HAL_DRIVER -DSTM32F401xE -c -I../Core/Inc -I../Drivers/STM32F4xx_HAL_Driver/Inc -I../Drivers/STM32F4xx_HAL_Driver/Inc/Legacy -I../Drivers/CMSIS/Device/ST/STM32F4xx/Include -I../Drivers/CMSIS/Include -O0 -ffunction-sections -fdata-sections -Wall -fstack-usage -fcyclomatic-complexity -MMD -MP -MF"Core/Src/Led.d" -MT"Core/Src/Led.o" --specs=nano.specs -mfpu=fpv4-sp-d16 -mfloat-abi=hard -mthumb -o "Core/Src/Led.o"
arm-none-eabi-gcc -o "TestProject.elf" @"objects.list"   -mcpu=cortex-m4 -T"/Users/santiagobualo/Documents/SBualo-CESE/TestProject/STM32F401RETX_FLASH.ld" --specs=nosys.specs -Wl,-Map="TestProject.map" -Wl,--gc-sections -static --specs=nano.specs -mfpu=fpv4-sp-d16 -mfloat-abi=hard -mthumb -Wl,--start-group -lc -lm -Wl,--end-group
Finished building target: TestProject.elf
 
arm-none-eabi-size   TestProject.elf 
arm-none-eabi-objdump -h -S  TestProject.elf  > "TestProject.list"
   text	   data	    bss	    dec	    hex	filename
   8148	     20	   1636	   9804	   264c	TestProject.elf
Finished building: default.size.stdout
 
Finished building: TestProject.list
 

19:40:12 Build Finished. 0 errors, 0 warnings. (took 568ms)

